[aggressor] mode=wc_ntdqa threads=16 bufsz=256MB/thread throttle=0 MBps
[aggressor] mapped 4096 MB CXL memory at 0x7481b5e00000
[aggressor] GO
thread  0  core 136  1.56 GB/s  (15.113 s)
thread  1  core 137  1.57 GB/s  (15.090 s)
thread  2  core 138  1.56 GB/s  (15.096 s)
thread  3  core 139  1.56 GB/s  (15.100 s)
thread  4  core 140  1.56 GB/s  (15.105 s)
thread  5  core 141  1.56 GB/s  (15.113 s)
thread  6  core 142  1.56 GB/s  (15.109 s)
thread  7  core 143  1.56 GB/s  (15.116 s)
thread  8  core 224  1.57 GB/s  (15.073 s)
thread  9  core 225  1.57 GB/s  (15.073 s)
thread 10  core 226  1.57 GB/s  (15.086 s)
thread 11  core 227  1.57 GB/s  (15.085 s)
thread 12  core 228  1.56 GB/s  (15.095 s)
thread 13  core 229  1.56 GB/s  (15.099 s)
thread 14  core 230  1.56 GB/s  (15.105 s)
thread 15  core 231  1.56 GB/s  (15.007 s)
---
aggregate: 24.99 GB/s  (16 threads, mode=wc_ntdqa)
RESULT mode=wc_ntdqa threads=16 bw_gbps=24.986 throttle=0
