[15:20:40.031] env check: PASS
[15:20:40.031] === Phase 3: MBA sweep (min_bandwidth=10%, gran=10%, cache_id=1) ===
[15:20:40.031] throttle sweep=[90, 80, 70, 60, 50, 40, 30, 20, 10], n_aggr=8
[15:20:40.031]   victim: numactl --physcpubind=32 --membind=1 /home/jb/tmp_dutyfree_exp/intel_experiments/bench/victim/pointer_chase --cpu 32 --node 1 --wss 33554432 --trials 10 --run-sec 2.00 --warmup-trials 3
[15:21:06.944] quiescent baseline (no aggressor): 79.5 cycles/load
[15:21:06.944] 
-- MBA off (100%) --
[15:21:06.944]   aggressor [A] cpu=33: numactl --physcpubind=33 --membind=2 /home/jb/tmp_dutyfree_exp/intel_experiments/bench/aggressor/stream_wb --cpu 33 --node 2 --region-gb 1 --duration-sec 106 --readonly
[15:21:06.945]   aggressor [A] cpu=34: numactl --physcpubind=34 --membind=2 /home/jb/tmp_dutyfree_exp/intel_experiments/bench/aggressor/stream_wb --cpu 34 --node 2 --region-gb 1 --duration-sec 106 --readonly
[15:21:06.946]   aggressor [A] cpu=35: numactl --physcpubind=35 --membind=2 /home/jb/tmp_dutyfree_exp/intel_experiments/bench/aggressor/stream_wb --cpu 35 --node 2 --region-gb 1 --duration-sec 106 --readonly
[15:21:06.946]   aggressor [A] cpu=36: numactl --physcpubind=36 --membind=2 /home/jb/tmp_dutyfree_exp/intel_experiments/bench/aggressor/stream_wb --cpu 36 --node 2 --region-gb 1 --duration-sec 106 --readonly
[15:21:06.947]   aggressor [A] cpu=37: numactl --physcpubind=37 --membind=2 /home/jb/tmp_dutyfree_exp/intel_experiments/bench/aggressor/stream_wb --cpu 37 --node 2 --region-gb 1 --duration-sec 106 --readonly
[15:21:06.947]   aggressor [A] cpu=38: numactl --physcpubind=38 --membind=2 /home/jb/tmp_dutyfree_exp/intel_experiments/bench/aggressor/stream_wb --cpu 38 --node 2 --region-gb 1 --duration-sec 106 --readonly
[15:21:06.948]   aggressor [A] cpu=39: numactl --physcpubind=39 --membind=2 /home/jb/tmp_dutyfree_exp/intel_experiments/bench/aggressor/stream_wb --cpu 39 --node 2 --region-gb 1 --duration-sec 106 --readonly
[15:21:06.949]   aggressor [A] cpu=40: numactl --physcpubind=40 --membind=2 /home/jb/tmp_dutyfree_exp/intel_experiments/bench/aggressor/stream_wb --cpu 40 --node 2 --region-gb 1 --duration-sec 106 --readonly
[15:21:06.949]   warmup: sleeping 8 s for aggressors to stabilize
[15:21:14.957]   victim: numactl --physcpubind=32 --membind=1 /home/jb/tmp_dutyfree_exp/intel_experiments/bench/victim/pointer_chase --cpu 32 --node 1 --wss 33554432 --trials 30 --run-sec 2.00 --warmup-trials 12
[15:22:43.937]   agg_bw=23.5 GB/s tax=14.1%
[15:22:43.937] 
-- MBA throttle = 90% --
[15:22:43.937]   aggressor [A] cpu=33: numactl --physcpubind=33 --membind=2 /home/jb/tmp_dutyfree_exp/intel_experiments/bench/aggressor/stream_wb --cpu 33 --node 2 --region-gb 1 --duration-sec 106 --readonly
[15:22:43.938]   aggressor [A] cpu=34: numactl --physcpubind=34 --membind=2 /home/jb/tmp_dutyfree_exp/intel_experiments/bench/aggressor/stream_wb --cpu 34 --node 2 --region-gb 1 --duration-sec 106 --readonly
[15:22:43.939]   aggressor [A] cpu=35: numactl --physcpubind=35 --membind=2 /home/jb/tmp_dutyfree_exp/intel_experiments/bench/aggressor/stream_wb --cpu 35 --node 2 --region-gb 1 --duration-sec 106 --readonly
[15:22:43.939]   aggressor [A] cpu=36: numactl --physcpubind=36 --membind=2 /home/jb/tmp_dutyfree_exp/intel_experiments/bench/aggressor/stream_wb --cpu 36 --node 2 --region-gb 1 --duration-sec 106 --readonly
[15:22:43.939]   aggressor [A] cpu=37: numactl --physcpubind=37 --membind=2 /home/jb/tmp_dutyfree_exp/intel_experiments/bench/aggressor/stream_wb --cpu 37 --node 2 --region-gb 1 --duration-sec 106 --readonly
[15:22:43.940]   aggressor [A] cpu=38: numactl --physcpubind=38 --membind=2 /home/jb/tmp_dutyfree_exp/intel_experiments/bench/aggressor/stream_wb --cpu 38 --node 2 --region-gb 1 --duration-sec 106 --readonly
[15:22:43.940]   aggressor [A] cpu=39: numactl --physcpubind=39 --membind=2 /home/jb/tmp_dutyfree_exp/intel_experiments/bench/aggressor/stream_wb --cpu 39 --node 2 --region-gb 1 --duration-sec 106 --readonly
[15:22:43.941]   aggressor [A] cpu=40: numactl --physcpubind=40 --membind=2 /home/jb/tmp_dutyfree_exp/intel_experiments/bench/aggressor/stream_wb --cpu 40 --node 2 --region-gb 1 --duration-sec 106 --readonly
[15:22:43.941]   warmup: sleeping 8 s for aggressors to stabilize
[15:22:51.949]   victim: numactl --physcpubind=32 --membind=1 /home/jb/tmp_dutyfree_exp/intel_experiments/bench/victim/pointer_chase --cpu 32 --node 1 --wss 33554432 --trials 30 --run-sec 2.00 --warmup-trials 12
[15:24:20.950]   agg_bw=23.5 GB/s tax=14.6%
[15:24:20.950] 
-- MBA throttle = 80% --
[15:24:20.951]   aggressor [A] cpu=33: numactl --physcpubind=33 --membind=2 /home/jb/tmp_dutyfree_exp/intel_experiments/bench/aggressor/stream_wb --cpu 33 --node 2 --region-gb 1 --duration-sec 106 --readonly
[15:24:20.951]   aggressor [A] cpu=34: numactl --physcpubind=34 --membind=2 /home/jb/tmp_dutyfree_exp/intel_experiments/bench/aggressor/stream_wb --cpu 34 --node 2 --region-gb 1 --duration-sec 106 --readonly
[15:24:20.952]   aggressor [A] cpu=35: numactl --physcpubind=35 --membind=2 /home/jb/tmp_dutyfree_exp/intel_experiments/bench/aggressor/stream_wb --cpu 35 --node 2 --region-gb 1 --duration-sec 106 --readonly
[15:24:20.952]   aggressor [A] cpu=36: numactl --physcpubind=36 --membind=2 /home/jb/tmp_dutyfree_exp/intel_experiments/bench/aggressor/stream_wb --cpu 36 --node 2 --region-gb 1 --duration-sec 106 --readonly
[15:24:20.953]   aggressor [A] cpu=37: numactl --physcpubind=37 --membind=2 /home/jb/tmp_dutyfree_exp/intel_experiments/bench/aggressor/stream_wb --cpu 37 --node 2 --region-gb 1 --duration-sec 106 --readonly
[15:24:20.953]   aggressor [A] cpu=38: numactl --physcpubind=38 --membind=2 /home/jb/tmp_dutyfree_exp/intel_experiments/bench/aggressor/stream_wb --cpu 38 --node 2 --region-gb 1 --duration-sec 106 --readonly
[15:24:20.954]   aggressor [A] cpu=39: numactl --physcpubind=39 --membind=2 /home/jb/tmp_dutyfree_exp/intel_experiments/bench/aggressor/stream_wb --cpu 39 --node 2 --region-gb 1 --duration-sec 106 --readonly
[15:24:20.954]   aggressor [A] cpu=40: numactl --physcpubind=40 --membind=2 /home/jb/tmp_dutyfree_exp/intel_experiments/bench/aggressor/stream_wb --cpu 40 --node 2 --region-gb 1 --duration-sec 106 --readonly
[15:24:20.954]   warmup: sleeping 8 s for aggressors to stabilize
[15:24:28.963]   victim: numactl --physcpubind=32 --membind=1 /home/jb/tmp_dutyfree_exp/intel_experiments/bench/victim/pointer_chase --cpu 32 --node 1 --wss 33554432 --trials 30 --run-sec 2.00 --warmup-trials 12
[15:25:57.943]   agg_bw=23.5 GB/s tax=14.2%
[15:25:57.943] 
-- MBA throttle = 70% --
[15:25:57.944]   aggressor [A] cpu=33: numactl --physcpubind=33 --membind=2 /home/jb/tmp_dutyfree_exp/intel_experiments/bench/aggressor/stream_wb --cpu 33 --node 2 --region-gb 1 --duration-sec 106 --readonly
[15:25:57.944]   aggressor [A] cpu=34: numactl --physcpubind=34 --membind=2 /home/jb/tmp_dutyfree_exp/intel_experiments/bench/aggressor/stream_wb --cpu 34 --node 2 --region-gb 1 --duration-sec 106 --readonly
[15:25:57.945]   aggressor [A] cpu=35: numactl --physcpubind=35 --membind=2 /home/jb/tmp_dutyfree_exp/intel_experiments/bench/aggressor/stream_wb --cpu 35 --node 2 --region-gb 1 --duration-sec 106 --readonly
[15:25:57.945]   aggressor [A] cpu=36: numactl --physcpubind=36 --membind=2 /home/jb/tmp_dutyfree_exp/intel_experiments/bench/aggressor/stream_wb --cpu 36 --node 2 --region-gb 1 --duration-sec 106 --readonly
[15:25:57.946]   aggressor [A] cpu=37: numactl --physcpubind=37 --membind=2 /home/jb/tmp_dutyfree_exp/intel_experiments/bench/aggressor/stream_wb --cpu 37 --node 2 --region-gb 1 --duration-sec 106 --readonly
[15:25:57.946]   aggressor [A] cpu=38: numactl --physcpubind=38 --membind=2 /home/jb/tmp_dutyfree_exp/intel_experiments/bench/aggressor/stream_wb --cpu 38 --node 2 --region-gb 1 --duration-sec 106 --readonly
[15:25:57.947]   aggressor [A] cpu=39: numactl --physcpubind=39 --membind=2 /home/jb/tmp_dutyfree_exp/intel_experiments/bench/aggressor/stream_wb --cpu 39 --node 2 --region-gb 1 --duration-sec 106 --readonly
[15:25:57.947]   aggressor [A] cpu=40: numactl --physcpubind=40 --membind=2 /home/jb/tmp_dutyfree_exp/intel_experiments/bench/aggressor/stream_wb --cpu 40 --node 2 --region-gb 1 --duration-sec 106 --readonly
[15:25:57.947]   warmup: sleeping 8 s for aggressors to stabilize
[15:26:05.955]   victim: numactl --physcpubind=32 --membind=1 /home/jb/tmp_dutyfree_exp/intel_experiments/bench/victim/pointer_chase --cpu 32 --node 1 --wss 33554432 --trials 30 --run-sec 2.00 --warmup-trials 12
[15:27:34.920]   agg_bw=23.5 GB/s tax=14.5%
[15:27:34.920] 
-- MBA throttle = 60% --
[15:27:34.920]   aggressor [A] cpu=33: numactl --physcpubind=33 --membind=2 /home/jb/tmp_dutyfree_exp/intel_experiments/bench/aggressor/stream_wb --cpu 33 --node 2 --region-gb 1 --duration-sec 106 --readonly
[15:27:34.921]   aggressor [A] cpu=34: numactl --physcpubind=34 --membind=2 /home/jb/tmp_dutyfree_exp/intel_experiments/bench/aggressor/stream_wb --cpu 34 --node 2 --region-gb 1 --duration-sec 106 --readonly
[15:27:34.921]   aggressor [A] cpu=35: numactl --physcpubind=35 --membind=2 /home/jb/tmp_dutyfree_exp/intel_experiments/bench/aggressor/stream_wb --cpu 35 --node 2 --region-gb 1 --duration-sec 106 --readonly
[15:27:34.922]   aggressor [A] cpu=36: numactl --physcpubind=36 --membind=2 /home/jb/tmp_dutyfree_exp/intel_experiments/bench/aggressor/stream_wb --cpu 36 --node 2 --region-gb 1 --duration-sec 106 --readonly
[15:27:34.922]   aggressor [A] cpu=37: numactl --physcpubind=37 --membind=2 /home/jb/tmp_dutyfree_exp/intel_experiments/bench/aggressor/stream_wb --cpu 37 --node 2 --region-gb 1 --duration-sec 106 --readonly
[15:27:34.923]   aggressor [A] cpu=38: numactl --physcpubind=38 --membind=2 /home/jb/tmp_dutyfree_exp/intel_experiments/bench/aggressor/stream_wb --cpu 38 --node 2 --region-gb 1 --duration-sec 106 --readonly
[15:27:34.923]   aggressor [A] cpu=39: numactl --physcpubind=39 --membind=2 /home/jb/tmp_dutyfree_exp/intel_experiments/bench/aggressor/stream_wb --cpu 39 --node 2 --region-gb 1 --duration-sec 106 --readonly
[15:27:34.923]   aggressor [A] cpu=40: numactl --physcpubind=40 --membind=2 /home/jb/tmp_dutyfree_exp/intel_experiments/bench/aggressor/stream_wb --cpu 40 --node 2 --region-gb 1 --duration-sec 106 --readonly
[15:27:34.924]   warmup: sleeping 8 s for aggressors to stabilize
[15:27:42.932]   victim: numactl --physcpubind=32 --membind=1 /home/jb/tmp_dutyfree_exp/intel_experiments/bench/victim/pointer_chase --cpu 32 --node 1 --wss 33554432 --trials 30 --run-sec 2.00 --warmup-trials 12
[15:29:11.868]   agg_bw=23.5 GB/s tax=15.0%
[15:29:11.868] 
-- MBA throttle = 50% --
[15:29:11.869]   aggressor [A] cpu=33: numactl --physcpubind=33 --membind=2 /home/jb/tmp_dutyfree_exp/intel_experiments/bench/aggressor/stream_wb --cpu 33 --node 2 --region-gb 1 --duration-sec 106 --readonly
[15:29:11.870]   aggressor [A] cpu=34: numactl --physcpubind=34 --membind=2 /home/jb/tmp_dutyfree_exp/intel_experiments/bench/aggressor/stream_wb --cpu 34 --node 2 --region-gb 1 --duration-sec 106 --readonly
[15:29:11.870]   aggressor [A] cpu=35: numactl --physcpubind=35 --membind=2 /home/jb/tmp_dutyfree_exp/intel_experiments/bench/aggressor/stream_wb --cpu 35 --node 2 --region-gb 1 --duration-sec 106 --readonly
[15:29:11.871]   aggressor [A] cpu=36: numactl --physcpubind=36 --membind=2 /home/jb/tmp_dutyfree_exp/intel_experiments/bench/aggressor/stream_wb --cpu 36 --node 2 --region-gb 1 --duration-sec 106 --readonly
[15:29:11.871]   aggressor [A] cpu=37: numactl --physcpubind=37 --membind=2 /home/jb/tmp_dutyfree_exp/intel_experiments/bench/aggressor/stream_wb --cpu 37 --node 2 --region-gb 1 --duration-sec 106 --readonly
[15:29:11.871]   aggressor [A] cpu=38: numactl --physcpubind=38 --membind=2 /home/jb/tmp_dutyfree_exp/intel_experiments/bench/aggressor/stream_wb --cpu 38 --node 2 --region-gb 1 --duration-sec 106 --readonly
[15:29:11.872]   aggressor [A] cpu=39: numactl --physcpubind=39 --membind=2 /home/jb/tmp_dutyfree_exp/intel_experiments/bench/aggressor/stream_wb --cpu 39 --node 2 --region-gb 1 --duration-sec 106 --readonly
[15:29:11.872]   aggressor [A] cpu=40: numactl --physcpubind=40 --membind=2 /home/jb/tmp_dutyfree_exp/intel_experiments/bench/aggressor/stream_wb --cpu 40 --node 2 --region-gb 1 --duration-sec 106 --readonly
[15:29:11.873]   warmup: sleeping 8 s for aggressors to stabilize
[15:29:19.881]   victim: numactl --physcpubind=32 --membind=1 /home/jb/tmp_dutyfree_exp/intel_experiments/bench/victim/pointer_chase --cpu 32 --node 1 --wss 33554432 --trials 30 --run-sec 2.00 --warmup-trials 12
[15:30:48.804]   agg_bw=23.5 GB/s tax=18.8%
[15:30:48.804] 
-- MBA throttle = 40% --
[15:30:48.804]   aggressor [A] cpu=33: numactl --physcpubind=33 --membind=2 /home/jb/tmp_dutyfree_exp/intel_experiments/bench/aggressor/stream_wb --cpu 33 --node 2 --region-gb 1 --duration-sec 106 --readonly
[15:30:48.805]   aggressor [A] cpu=34: numactl --physcpubind=34 --membind=2 /home/jb/tmp_dutyfree_exp/intel_experiments/bench/aggressor/stream_wb --cpu 34 --node 2 --region-gb 1 --duration-sec 106 --readonly
[15:30:48.805]   aggressor [A] cpu=35: numactl --physcpubind=35 --membind=2 /home/jb/tmp_dutyfree_exp/intel_experiments/bench/aggressor/stream_wb --cpu 35 --node 2 --region-gb 1 --duration-sec 106 --readonly
[15:30:48.806]   aggressor [A] cpu=36: numactl --physcpubind=36 --membind=2 /home/jb/tmp_dutyfree_exp/intel_experiments/bench/aggressor/stream_wb --cpu 36 --node 2 --region-gb 1 --duration-sec 106 --readonly
[15:30:48.806]   aggressor [A] cpu=37: numactl --physcpubind=37 --membind=2 /home/jb/tmp_dutyfree_exp/intel_experiments/bench/aggressor/stream_wb --cpu 37 --node 2 --region-gb 1 --duration-sec 106 --readonly
[15:30:48.807]   aggressor [A] cpu=38: numactl --physcpubind=38 --membind=2 /home/jb/tmp_dutyfree_exp/intel_experiments/bench/aggressor/stream_wb --cpu 38 --node 2 --region-gb 1 --duration-sec 106 --readonly
[15:30:48.807]   aggressor [A] cpu=39: numactl --physcpubind=39 --membind=2 /home/jb/tmp_dutyfree_exp/intel_experiments/bench/aggressor/stream_wb --cpu 39 --node 2 --region-gb 1 --duration-sec 106 --readonly
[15:30:48.807]   aggressor [A] cpu=40: numactl --physcpubind=40 --membind=2 /home/jb/tmp_dutyfree_exp/intel_experiments/bench/aggressor/stream_wb --cpu 40 --node 2 --region-gb 1 --duration-sec 106 --readonly
[15:30:48.808]   warmup: sleeping 8 s for aggressors to stabilize
[15:30:56.816]   victim: numactl --physcpubind=32 --membind=1 /home/jb/tmp_dutyfree_exp/intel_experiments/bench/victim/pointer_chase --cpu 32 --node 1 --wss 33554432 --trials 30 --run-sec 2.00 --warmup-trials 12
[15:32:25.737]   agg_bw=23.5 GB/s tax=14.3%
[15:32:25.737] 
-- MBA throttle = 30% --
[15:32:25.738]   aggressor [A] cpu=33: numactl --physcpubind=33 --membind=2 /home/jb/tmp_dutyfree_exp/intel_experiments/bench/aggressor/stream_wb --cpu 33 --node 2 --region-gb 1 --duration-sec 106 --readonly
[15:32:25.738]   aggressor [A] cpu=34: numactl --physcpubind=34 --membind=2 /home/jb/tmp_dutyfree_exp/intel_experiments/bench/aggressor/stream_wb --cpu 34 --node 2 --region-gb 1 --duration-sec 106 --readonly
[15:32:25.739]   aggressor [A] cpu=35: numactl --physcpubind=35 --membind=2 /home/jb/tmp_dutyfree_exp/intel_experiments/bench/aggressor/stream_wb --cpu 35 --node 2 --region-gb 1 --duration-sec 106 --readonly
[15:32:25.739]   aggressor [A] cpu=36: numactl --physcpubind=36 --membind=2 /home/jb/tmp_dutyfree_exp/intel_experiments/bench/aggressor/stream_wb --cpu 36 --node 2 --region-gb 1 --duration-sec 106 --readonly
[15:32:25.740]   aggressor [A] cpu=37: numactl --physcpubind=37 --membind=2 /home/jb/tmp_dutyfree_exp/intel_experiments/bench/aggressor/stream_wb --cpu 37 --node 2 --region-gb 1 --duration-sec 106 --readonly
[15:32:25.740]   aggressor [A] cpu=38: numactl --physcpubind=38 --membind=2 /home/jb/tmp_dutyfree_exp/intel_experiments/bench/aggressor/stream_wb --cpu 38 --node 2 --region-gb 1 --duration-sec 106 --readonly
[15:32:25.740]   aggressor [A] cpu=39: numactl --physcpubind=39 --membind=2 /home/jb/tmp_dutyfree_exp/intel_experiments/bench/aggressor/stream_wb --cpu 39 --node 2 --region-gb 1 --duration-sec 106 --readonly
[15:32:25.741]   aggressor [A] cpu=40: numactl --physcpubind=40 --membind=2 /home/jb/tmp_dutyfree_exp/intel_experiments/bench/aggressor/stream_wb --cpu 40 --node 2 --region-gb 1 --duration-sec 106 --readonly
[15:32:25.741]   warmup: sleeping 8 s for aggressors to stabilize
[15:32:33.749]   victim: numactl --physcpubind=32 --membind=1 /home/jb/tmp_dutyfree_exp/intel_experiments/bench/victim/pointer_chase --cpu 32 --node 1 --wss 33554432 --trials 30 --run-sec 2.00 --warmup-trials 12
[15:34:02.766]   agg_bw=23.5 GB/s tax=14.0%
[15:34:02.766] 
-- MBA throttle = 20% --
[15:34:02.766]   aggressor [A] cpu=33: numactl --physcpubind=33 --membind=2 /home/jb/tmp_dutyfree_exp/intel_experiments/bench/aggressor/stream_wb --cpu 33 --node 2 --region-gb 1 --duration-sec 106 --readonly
[15:34:02.767]   aggressor [A] cpu=34: numactl --physcpubind=34 --membind=2 /home/jb/tmp_dutyfree_exp/intel_experiments/bench/aggressor/stream_wb --cpu 34 --node 2 --region-gb 1 --duration-sec 106 --readonly
[15:34:02.767]   aggressor [A] cpu=35: numactl --physcpubind=35 --membind=2 /home/jb/tmp_dutyfree_exp/intel_experiments/bench/aggressor/stream_wb --cpu 35 --node 2 --region-gb 1 --duration-sec 106 --readonly
[15:34:02.768]   aggressor [A] cpu=36: numactl --physcpubind=36 --membind=2 /home/jb/tmp_dutyfree_exp/intel_experiments/bench/aggressor/stream_wb --cpu 36 --node 2 --region-gb 1 --duration-sec 106 --readonly
[15:34:02.768]   aggressor [A] cpu=37: numactl --physcpubind=37 --membind=2 /home/jb/tmp_dutyfree_exp/intel_experiments/bench/aggressor/stream_wb --cpu 37 --node 2 --region-gb 1 --duration-sec 106 --readonly
[15:34:02.769]   aggressor [A] cpu=38: numactl --physcpubind=38 --membind=2 /home/jb/tmp_dutyfree_exp/intel_experiments/bench/aggressor/stream_wb --cpu 38 --node 2 --region-gb 1 --duration-sec 106 --readonly
[15:34:02.769]   aggressor [A] cpu=39: numactl --physcpubind=39 --membind=2 /home/jb/tmp_dutyfree_exp/intel_experiments/bench/aggressor/stream_wb --cpu 39 --node 2 --region-gb 1 --duration-sec 106 --readonly
[15:34:02.769]   aggressor [A] cpu=40: numactl --physcpubind=40 --membind=2 /home/jb/tmp_dutyfree_exp/intel_experiments/bench/aggressor/stream_wb --cpu 40 --node 2 --region-gb 1 --duration-sec 106 --readonly
[15:34:02.770]   warmup: sleeping 8 s for aggressors to stabilize
[15:34:10.778]   victim: numactl --physcpubind=32 --membind=1 /home/jb/tmp_dutyfree_exp/intel_experiments/bench/victim/pointer_chase --cpu 32 --node 1 --wss 33554432 --trials 30 --run-sec 2.00 --warmup-trials 12
[15:35:39.899]   agg_bw=21.8 GB/s tax=16.1%
[15:35:39.899] 
-- MBA throttle = 10% --
[15:35:39.899]   aggressor [A] cpu=33: numactl --physcpubind=33 --membind=2 /home/jb/tmp_dutyfree_exp/intel_experiments/bench/aggressor/stream_wb --cpu 33 --node 2 --region-gb 1 --duration-sec 106 --readonly
[15:35:39.900]   aggressor [A] cpu=34: numactl --physcpubind=34 --membind=2 /home/jb/tmp_dutyfree_exp/intel_experiments/bench/aggressor/stream_wb --cpu 34 --node 2 --region-gb 1 --duration-sec 106 --readonly
[15:35:39.901]   aggressor [A] cpu=35: numactl --physcpubind=35 --membind=2 /home/jb/tmp_dutyfree_exp/intel_experiments/bench/aggressor/stream_wb --cpu 35 --node 2 --region-gb 1 --duration-sec 106 --readonly
[15:35:39.901]   aggressor [A] cpu=36: numactl --physcpubind=36 --membind=2 /home/jb/tmp_dutyfree_exp/intel_experiments/bench/aggressor/stream_wb --cpu 36 --node 2 --region-gb 1 --duration-sec 106 --readonly
[15:35:39.901]   aggressor [A] cpu=37: numactl --physcpubind=37 --membind=2 /home/jb/tmp_dutyfree_exp/intel_experiments/bench/aggressor/stream_wb --cpu 37 --node 2 --region-gb 1 --duration-sec 106 --readonly
[15:35:39.902]   aggressor [A] cpu=38: numactl --physcpubind=38 --membind=2 /home/jb/tmp_dutyfree_exp/intel_experiments/bench/aggressor/stream_wb --cpu 38 --node 2 --region-gb 1 --duration-sec 106 --readonly
[15:35:39.902]   aggressor [A] cpu=39: numactl --physcpubind=39 --membind=2 /home/jb/tmp_dutyfree_exp/intel_experiments/bench/aggressor/stream_wb --cpu 39 --node 2 --region-gb 1 --duration-sec 106 --readonly
[15:35:39.903]   aggressor [A] cpu=40: numactl --physcpubind=40 --membind=2 /home/jb/tmp_dutyfree_exp/intel_experiments/bench/aggressor/stream_wb --cpu 40 --node 2 --region-gb 1 --duration-sec 106 --readonly
[15:35:39.903]   warmup: sleeping 8 s for aggressors to stabilize
[15:35:47.911]   victim: numactl --physcpubind=32 --membind=1 /home/jb/tmp_dutyfree_exp/intel_experiments/bench/victim/pointer_chase --cpu 32 --node 1 --wss 33554432 --trials 30 --run-sec 2.00 --warmup-trials 12
[15:37:17.089]   agg_bw=12.4 GB/s tax=9.8%
[15:37:17.089]   resctrl teardown: could not rmdir mtrap_mba: [Errno 2] No such file or directory: '/sys/fs/resctrl/mtrap_mba'
[15:37:17.090] Wrote: /home/jb/tmp_dutyfree_exp/intel_experiments/results/processed/23_phase3_mba.csv
[15:37:17.092] Wrote report

Phase 3 complete. Results: /home/jb/tmp_dutyfree_exp/intel_experiments/results/processed/23_phase3_mba.csv
