[17:43:23.652] env check: PASS
[17:43:23.652] === Phase 12: Matched-Bandwidth Full-PMU Experiment ===
[17:43:23.652] n=30, measure=10.0s, WSS=32MB, cores=[2, 3, 4]
[17:43:23.652] 
=== [Q] Quiescent ===
[17:49:45.686]   Q mean=81.8 n=30
[17:49:48.688] 
=== [A] 2 cores ===
[17:49:48.688]   aggressor [A] cpu=1: numactl --physcpubind=1 --membind=0 /home/domin/CoherenceTest/APNET/directory-tax-spr/bench/aggressor/stream_wb --cpu 1 --node 0 --region-gb 1 --duration-sec 425
[17:49:48.689]   aggressor [A] cpu=2: numactl --physcpubind=2 --membind=0 /home/domin/CoherenceTest/APNET/directory-tax-spr/bench/aggressor/stream_wb --cpu 2 --node 0 --region-gb 1 --duration-sec 425
[17:49:48.689]   Warmup 5.0s ...
[17:50:04.488]   t= 0: cyc=246.0 l3=7554326/s sf=50371/s llcv=0/s bw=0.0GB/s
[17:51:08.459]   t= 5: cyc=246.2 l3=7543481/s sf=49304/s llcv=0/s bw=0.0GB/s
[17:52:12.435]   t=10: cyc=245.6 l3=7531465/s sf=53491/s llcv=0/s bw=0.0GB/s
[17:53:16.409]   t=15: cyc=246.8 l3=7536139/s sf=49642/s llcv=0/s bw=0.0GB/s
[17:54:20.382]   t=20: cyc=247.8 l3=7547981/s sf=49939/s llcv=0/s bw=0.0GB/s
[17:55:24.353]   t=25: cyc=245.7 l3=7532628/s sf=48748/s llcv=0/s bw=0.0GB/s
[17:56:15.529]   t=29: cyc=245.8 l3=7534356/s sf=54384/s llcv=0/s bw=0.0GB/s
[17:56:17.578]   [A@2c] mean=246.2 n=30
[17:56:20.582] 
=== [B] 2 cores ===
[17:56:20.582]   aggressor [B] cpu=1: numactl --physcpubind=1 --membind=0 /home/domin/CoherenceTest/APNET/directory-tax-spr/bench/aggressor/stream_wb_nopf --cpu 1 --node 0 --region-gb 1 --duration-sec 425
[17:56:20.583]   aggressor [B] cpu=2: numactl --physcpubind=2 --membind=0 /home/domin/CoherenceTest/APNET/directory-tax-spr/bench/aggressor/stream_wb_nopf --cpu 2 --node 0 --region-gb 1 --duration-sec 425
[17:56:20.584]   Warmup 5.0s ...
[17:56:36.378]   t= 0: cyc=154.4 l3=6749452/s sf=42075/s llcv=0/s bw=0.0GB/s
[17:57:40.327]   t= 5: cyc=152.6 l3=6677548/s sf=48193/s llcv=0/s bw=0.0GB/s
[17:58:44.270]   t=10: cyc=153.7 l3=6709382/s sf=44632/s llcv=0/s bw=0.0GB/s
[17:59:48.218]   t=15: cyc=154.2 l3=6735238/s sf=48646/s llcv=0/s bw=0.0GB/s
[18:00:52.162]   t=20: cyc=154.9 l3=6726362/s sf=47750/s llcv=0/s bw=0.0GB/s
[18:01:56.105]   t=25: cyc=153.7 l3=6716045/s sf=44864/s llcv=0/s bw=0.0GB/s
[18:02:47.262]   t=29: cyc=154.4 l3=6721212/s sf=49245/s llcv=0/s bw=0.0GB/s
[18:02:49.359]   [B@2c] mean=154.3 n=30
[18:02:52.363] 
=== [A] 3 cores ===
[18:02:52.363]   aggressor [A] cpu=1: numactl --physcpubind=1 --membind=0 /home/domin/CoherenceTest/APNET/directory-tax-spr/bench/aggressor/stream_wb --cpu 1 --node 0 --region-gb 1 --duration-sec 425
[18:02:52.364]   aggressor [A] cpu=2: numactl --physcpubind=2 --membind=0 /home/domin/CoherenceTest/APNET/directory-tax-spr/bench/aggressor/stream_wb --cpu 2 --node 0 --region-gb 1 --duration-sec 425
[18:02:52.365]   aggressor [A] cpu=3: numactl --physcpubind=3 --membind=0 /home/domin/CoherenceTest/APNET/directory-tax-spr/bench/aggressor/stream_wb --cpu 3 --node 0 --region-gb 1 --duration-sec 425
[18:02:52.365]   Warmup 5.0s ...
[18:03:08.166]   t= 0: cyc=277.7 l3=7649388/s sf=51262/s llcv=0/s bw=0.0GB/s
[18:04:12.149]   t= 5: cyc=278.3 l3=7659469/s sf=51090/s llcv=0/s bw=0.0GB/s
[18:05:16.134]   t=10: cyc=276.4 l3=7658456/s sf=50911/s llcv=0/s bw=0.0GB/s
[18:06:20.121]   t=15: cyc=276.7 l3=7655790/s sf=50649/s llcv=0/s bw=0.0GB/s
[18:07:24.105]   t=20: cyc=278.4 l3=7656344/s sf=51590/s llcv=0/s bw=0.0GB/s
[18:08:28.101]   t=25: cyc=277.0 l3=7659701/s sf=79475/s llcv=0/s bw=0.0GB/s
[18:09:19.291]   t=29: cyc=276.2 l3=7650491/s sf=42734/s llcv=0/s bw=0.0GB/s
[18:09:21.483]   [A@3c] mean=277.4 n=30
[18:09:24.487] 
=== [B] 3 cores ===
[18:09:24.488]   aggressor [B] cpu=1: numactl --physcpubind=1 --membind=0 /home/domin/CoherenceTest/APNET/directory-tax-spr/bench/aggressor/stream_wb_nopf --cpu 1 --node 0 --region-gb 1 --duration-sec 425
[18:09:24.488]   aggressor [B] cpu=2: numactl --physcpubind=2 --membind=0 /home/domin/CoherenceTest/APNET/directory-tax-spr/bench/aggressor/stream_wb_nopf --cpu 2 --node 0 --region-gb 1 --duration-sec 425
[18:09:24.490]   aggressor [B] cpu=3: numactl --physcpubind=3 --membind=0 /home/domin/CoherenceTest/APNET/directory-tax-spr/bench/aggressor/stream_wb_nopf --cpu 3 --node 0 --region-gb 1 --duration-sec 425
[18:09:24.491]   Warmup 5.0s ...
[18:09:40.291]   t= 0: cyc=213.9 l3=7312625/s sf=39588/s llcv=0/s bw=0.0GB/s
[18:10:44.258]   t= 5: cyc=210.6 l3=7271372/s sf=37475/s llcv=0/s bw=0.0GB/s
[18:11:48.225]   t=10: cyc=210.7 l3=7274116/s sf=38361/s llcv=0/s bw=0.0GB/s
[18:12:52.191]   t=15: cyc=213.0 l3=7304838/s sf=46666/s llcv=0/s bw=0.0GB/s
[18:13:56.154]   t=20: cyc=209.7 l3=7274336/s sf=38904/s llcv=0/s bw=0.0GB/s
[18:15:00.120]   t=25: cyc=209.0 l3=7278256/s sf=41949/s llcv=0/s bw=0.0GB/s
[18:15:51.293]   t=29: cyc=214.0 l3=7294770/s sf=40184/s llcv=0/s bw=0.0GB/s
[18:15:53.503]   [B@3c] mean=211.3 n=30
[18:15:56.507] 
=== [A] 4 cores ===
[18:15:56.508]   aggressor [A] cpu=1: numactl --physcpubind=1 --membind=0 /home/domin/CoherenceTest/APNET/directory-tax-spr/bench/aggressor/stream_wb --cpu 1 --node 0 --region-gb 1 --duration-sec 425
[18:15:56.508]   aggressor [A] cpu=2: numactl --physcpubind=2 --membind=0 /home/domin/CoherenceTest/APNET/directory-tax-spr/bench/aggressor/stream_wb --cpu 2 --node 0 --region-gb 1 --duration-sec 425
[18:15:56.509]   aggressor [A] cpu=3: numactl --physcpubind=3 --membind=0 /home/domin/CoherenceTest/APNET/directory-tax-spr/bench/aggressor/stream_wb --cpu 3 --node 0 --region-gb 1 --duration-sec 425
[18:15:56.510]   aggressor [A] cpu=4: numactl --physcpubind=4 --membind=0 /home/domin/CoherenceTest/APNET/directory-tax-spr/bench/aggressor/stream_wb --cpu 4 --node 0 --region-gb 1 --duration-sec 425
[18:15:56.510]   Warmup 5.0s ...
[18:16:12.313]   t= 0: cyc=293.5 l3=7625060/s sf=46150/s llcv=0/s bw=0.0GB/s
[18:17:16.318]   t= 5: cyc=294.1 l3=7631319/s sf=50575/s llcv=0/s bw=0.0GB/s
[18:18:20.312]   t=10: cyc=293.7 l3=7635551/s sf=45397/s llcv=0/s bw=0.0GB/s
[18:19:24.306]   t=15: cyc=294.0 l3=7633794/s sf=46978/s llcv=0/s bw=0.0GB/s
[18:20:28.303]   t=20: cyc=293.6 l3=7628047/s sf=42626/s llcv=0/s bw=0.0GB/s
[18:21:32.299]   t=25: cyc=293.8 l3=7625612/s sf=43144/s llcv=0/s bw=0.0GB/s
[18:22:23.493]   t=29: cyc=294.2 l3=7638413/s sf=44291/s llcv=0/s bw=0.0GB/s
[18:22:25.767]   [A@4c] mean=293.9 n=30
[18:22:28.771] 
=== [B] 4 cores ===
[18:22:28.771]   aggressor [B] cpu=1: numactl --physcpubind=1 --membind=0 /home/domin/CoherenceTest/APNET/directory-tax-spr/bench/aggressor/stream_wb_nopf --cpu 1 --node 0 --region-gb 1 --duration-sec 425
[18:22:28.772]   aggressor [B] cpu=2: numactl --physcpubind=2 --membind=0 /home/domin/CoherenceTest/APNET/directory-tax-spr/bench/aggressor/stream_wb_nopf --cpu 2 --node 0 --region-gb 1 --duration-sec 425
[18:22:28.774]   aggressor [B] cpu=3: numactl --physcpubind=3 --membind=0 /home/domin/CoherenceTest/APNET/directory-tax-spr/bench/aggressor/stream_wb_nopf --cpu 3 --node 0 --region-gb 1 --duration-sec 425
[18:22:28.774]   aggressor [B] cpu=4: numactl --physcpubind=4 --membind=0 /home/domin/CoherenceTest/APNET/directory-tax-spr/bench/aggressor/stream_wb_nopf --cpu 4 --node 0 --region-gb 1 --duration-sec 425
[18:22:28.775]   Warmup 5.0s ...
[18:22:44.576]   t= 0: cyc=239.1 l3=7424881/s sf=38982/s llcv=0/s bw=0.0GB/s
[18:23:48.579]   t= 5: cyc=242.0 l3=7397266/s sf=40115/s llcv=0/s bw=0.0GB/s
[18:24:52.562]   t=10: cyc=239.2 l3=7407207/s sf=38202/s llcv=0/s bw=0.0GB/s
[18:25:56.540]   t=15: cyc=235.9 l3=7392333/s sf=36868/s llcv=0/s bw=0.0GB/s
[18:27:00.523]   t=20: cyc=235.6 l3=7389869/s sf=36605/s llcv=0/s bw=0.0GB/s
[18:28:04.506]   t=25: cyc=238.8 l3=7412013/s sf=42013/s llcv=0/s bw=0.0GB/s
[18:28:55.688]   t=29: cyc=237.8 l3=7404508/s sf=42838/s llcv=0/s bw=0.0GB/s
[18:28:57.962]   [B@4c] mean=236.8 n=30
[18:29:00.967] Wrote: /home/domin/CoherenceTest/APNET/directory-tax-spr/results/processed/12_full_pmu_matched.csv
[18:29:00.968] Wrote: /home/domin/CoherenceTest/APNET/directory-tax-spr/results/processed/12_full_pmu_report.md

Phase 12 complete. 210 rows.
  CSV:    /home/domin/CoherenceTest/APNET/directory-tax-spr/results/processed/12_full_pmu_matched.csv
  Report: /home/domin/CoherenceTest/APNET/directory-tax-spr/results/processed/12_full_pmu_report.md
  Next:   python3 exp/13_partial_correlation.py
