[diag] start 2026-03-06T07:12:07+09:00
[diag] RUN mode=wb_load threads=2 run=1 cmd=/home/domin/CoherenceTest/APNET/bin/aggressor -m wb_load -t 2 -c 136,137 -s 256 -d 15
[aggressor] mode=wb_load threads=2 bufsz=256MB/thread throttle=0 MBps
[aggressor] mapped 512 MB CXL memory at 0x7543c7c00000
[aggressor] GO
thread  0  core 136  10.35 GB/s  (15.011 s)
thread  1  core 137  10.42 GB/s  (15.017 s)
---
aggregate: 20.77 GB/s  (2 threads, mode=wb_load)
RESULT mode=wb_load threads=2 bw_gbps=20.771 throttle=0
[diag] RUN mode=wb_load threads=2 run=2 cmd=/home/domin/CoherenceTest/APNET/bin/aggressor -m wb_load -t 2 -c 136,137 -s 256 -d 15
[aggressor] mode=wb_load threads=2 bufsz=256MB/thread throttle=0 MBps
[aggressor] mapped 512 MB CXL memory at 0x72a027a00000
[aggressor] GO
thread  0  core 136  10.36 GB/s  (15.003 s)
thread  1  core 137  10.42 GB/s  (15.015 s)
---
aggregate: 20.77 GB/s  (2 threads, mode=wb_load)
RESULT mode=wb_load threads=2 bw_gbps=20.774 throttle=0
[diag] RUN mode=wb_load threads=2 run=3 cmd=/home/domin/CoherenceTest/APNET/bin/aggressor -m wb_load -t 2 -c 136,137 -s 256 -d 15
[aggressor] mode=wb_load threads=2 bufsz=256MB/thread throttle=0 MBps
[aggressor] mapped 512 MB CXL memory at 0x7d409a600000
[aggressor] GO
thread  0  core 136  10.37 GB/s  (15.019 s)
thread  1  core 137  10.43 GB/s  (15.010 s)
---
aggregate: 20.79 GB/s  (2 threads, mode=wb_load)
RESULT mode=wb_load threads=2 bw_gbps=20.787 throttle=0
[diag] RUN mode=wb_load threads=3 run=1 cmd=/home/domin/CoherenceTest/APNET/bin/aggressor -m wb_load -t 3 -c 136,137,138 -s 256 -d 15
[aggressor] mode=wb_load threads=3 bufsz=256MB/thread throttle=0 MBps
[aggressor] mapped 768 MB CXL memory at 0x70485da00000
[aggressor] GO
thread  0  core 136  6.79 GB/s  (15.016 s)
thread  1  core 137  6.86 GB/s  (15.016 s)
thread  2  core 138  6.85 GB/s  (15.003 s)
---
aggregate: 20.50 GB/s  (3 threads, mode=wb_load)
RESULT mode=wb_load threads=3 bw_gbps=20.504 throttle=0
[diag] RUN mode=wb_load threads=3 run=2 cmd=/home/domin/CoherenceTest/APNET/bin/aggressor -m wb_load -t 3 -c 136,137,138 -s 256 -d 15
[aggressor] mode=wb_load threads=3 bufsz=256MB/thread throttle=0 MBps
[aggressor] mapped 768 MB CXL memory at 0x753819a00000
[aggressor] GO
thread  0  core 136  6.79 GB/s  (15.018 s)
thread  1  core 137  6.86 GB/s  (15.028 s)
thread  2  core 138  6.86 GB/s  (15.031 s)
---
aggregate: 20.50 GB/s  (3 threads, mode=wb_load)
RESULT mode=wb_load threads=3 bw_gbps=20.502 throttle=0
[diag] RUN mode=wb_load threads=3 run=3 cmd=/home/domin/CoherenceTest/APNET/bin/aggressor -m wb_load -t 3 -c 136,137,138 -s 256 -d 15
[aggressor] mode=wb_load threads=3 bufsz=256MB/thread throttle=0 MBps
[aggressor] mapped 768 MB CXL memory at 0x7ee164a00000
[aggressor] GO
thread  0  core 136  6.82 GB/s  (15.007 s)
thread  1  core 137  6.86 GB/s  (15.024 s)
thread  2  core 138  6.86 GB/s  (15.023 s)
---
aggregate: 20.53 GB/s  (3 threads, mode=wb_load)
RESULT mode=wb_load threads=3 bw_gbps=20.530 throttle=0
[diag] RUN mode=wc_ntdqa threads=7 run=1 cmd=/home/domin/CoherenceTest/APNET/bin/aggressor -m wc_ntdqa -t 7 -c 136,137,138,139,140,141,142 -s 256 -d 15
[aggressor] mode=wc_ntdqa threads=7 bufsz=256MB/thread throttle=0 MBps
[aggressor] mapped 1792 MB CXL memory at 0x7922f2e00000
[aggressor] GO
thread  0  core 136  2.57 GB/s  (15.068 s)
thread  1  core 137  2.57 GB/s  (15.047 s)
thread  2  core 138  2.57 GB/s  (15.053 s)
thread  3  core 139  2.57 GB/s  (15.065 s)
thread  4  core 140  2.56 GB/s  (15.012 s)
thread  5  core 141  2.56 GB/s  (15.010 s)
thread  6  core 142  2.55 GB/s  (15.030 s)
---
aggregate: 17.90 GB/s  (7 threads, mode=wc_ntdqa)
RESULT mode=wc_ntdqa threads=7 bw_gbps=17.904 throttle=0
[diag] RUN mode=wc_ntdqa threads=7 run=2 cmd=/home/domin/CoherenceTest/APNET/bin/aggressor -m wc_ntdqa -t 7 -c 136,137,138,139,140,141,142 -s 256 -d 15
[aggressor] mode=wc_ntdqa threads=7 bufsz=256MB/thread throttle=0 MBps
[aggressor] mapped 1792 MB CXL memory at 0x781b7fa00000
[aggressor] GO
thread  0  core 136  2.56 GB/s  (15.004 s)
thread  1  core 137  2.57 GB/s  (15.029 s)
thread  2  core 138  2.57 GB/s  (15.044 s)
thread  3  core 139  2.57 GB/s  (15.057 s)
thread  4  core 140  2.56 GB/s  (15.007 s)
thread  5  core 141  2.56 GB/s  (15.003 s)
thread  6  core 142  2.56 GB/s  (15.022 s)
---
aggregate: 17.90 GB/s  (7 threads, mode=wc_ntdqa)
RESULT mode=wc_ntdqa threads=7 bw_gbps=17.899 throttle=0
[diag] RUN mode=wc_ntdqa threads=7 run=3 cmd=/home/domin/CoherenceTest/APNET/bin/aggressor -m wc_ntdqa -t 7 -c 136,137,138,139,140,141,142 -s 256 -d 15
[aggressor] mode=wc_ntdqa threads=7 bufsz=256MB/thread throttle=0 MBps
[aggressor] mapped 1792 MB CXL memory at 0x73ae1a600000
[aggressor] GO
thread  0  core 136  2.57 GB/s  (15.031 s)
thread  1  core 137  2.57 GB/s  (15.024 s)
thread  2  core 138  2.56 GB/s  (15.022 s)
thread  3  core 139  2.57 GB/s  (15.061 s)
thread  4  core 140  2.56 GB/s  (15.011 s)
thread  5  core 141  2.56 GB/s  (15.009 s)
thread  6  core 142  2.56 GB/s  (15.023 s)
---
aggregate: 17.89 GB/s  (7 threads, mode=wc_ntdqa)
RESULT mode=wc_ntdqa threads=7 bw_gbps=17.895 throttle=0
[diag] RUN mode=wc_ntdqa threads=9 run=1 cmd=/home/domin/CoherenceTest/APNET/bin/aggressor -m wc_ntdqa -t 9 -c 136,137,138,139,140,141,142,143,224 -s 256 -d 15
[aggressor] mode=wc_ntdqa threads=9 bufsz=256MB/thread throttle=0 MBps
[aggressor] mapped 2304 MB CXL memory at 0x747ee2e00000
[aggressor] GO
thread  0  core 136  2.16 GB/s  (15.010 s)
thread  1  core 137  2.17 GB/s  (15.077 s)
thread  2  core 138  2.16 GB/s  (15.030 s)
thread  3  core 139  2.16 GB/s  (15.047 s)
thread  4  core 140  2.16 GB/s  (15.039 s)
thread  5  core 141  2.16 GB/s  (15.036 s)
thread  6  core 142  2.16 GB/s  (15.047 s)
thread  7  core 143  2.16 GB/s  (15.054 s)
thread  8  core 224  3.71 GB/s  (15.045 s)
---
aggregate: 20.96 GB/s  (9 threads, mode=wc_ntdqa)
RESULT mode=wc_ntdqa threads=9 bw_gbps=20.955 throttle=0
[diag] RUN mode=wc_ntdqa threads=9 run=2 cmd=/home/domin/CoherenceTest/APNET/bin/aggressor -m wc_ntdqa -t 9 -c 136,137,138,139,140,141,142,143,224 -s 256 -d 15
[aggressor] mode=wc_ntdqa threads=9 bufsz=256MB/thread throttle=0 MBps
[aggressor] mapped 2304 MB CXL memory at 0x7d7888a00000
[aggressor] GO
thread  0  core 136  2.17 GB/s  (15.074 s)
thread  1  core 137  2.16 GB/s  (15.024 s)
thread  2  core 138  2.16 GB/s  (15.012 s)
thread  3  core 139  2.16 GB/s  (15.028 s)
thread  4  core 140  2.16 GB/s  (15.038 s)
thread  5  core 141  2.16 GB/s  (15.030 s)
thread  6  core 142  2.16 GB/s  (15.046 s)
thread  7  core 143  2.16 GB/s  (15.061 s)
thread  8  core 224  3.71 GB/s  (15.051 s)
---
aggregate: 20.96 GB/s  (9 threads, mode=wc_ntdqa)
RESULT mode=wc_ntdqa threads=9 bw_gbps=20.960 throttle=0
[diag] RUN mode=wc_ntdqa threads=9 run=3 cmd=/home/domin/CoherenceTest/APNET/bin/aggressor -m wc_ntdqa -t 9 -c 136,137,138,139,140,141,142,143,224 -s 256 -d 15
[aggressor] mode=wc_ntdqa threads=9 bufsz=256MB/thread throttle=0 MBps
[aggressor] mapped 2304 MB CXL memory at 0x72f1c0c00000
[aggressor] GO
thread  0  core 136  2.16 GB/s  (15.038 s)
thread  1  core 137  2.17 GB/s  (15.077 s)
thread  2  core 138  2.16 GB/s  (15.024 s)
thread  3  core 139  2.16 GB/s  (15.025 s)
thread  4  core 140  2.16 GB/s  (15.040 s)
thread  5  core 141  2.16 GB/s  (15.037 s)
thread  6  core 142  2.16 GB/s  (15.045 s)
thread  7  core 143  2.16 GB/s  (15.062 s)
thread  8  core 224  3.71 GB/s  (15.049 s)
---
aggregate: 20.96 GB/s  (9 threads, mode=wc_ntdqa)
RESULT mode=wc_ntdqa threads=9 bw_gbps=20.955 throttle=0
[diag] RUN mode=wc_ntdqa threads=11 run=1 cmd=/home/domin/CoherenceTest/APNET/bin/aggressor -m wc_ntdqa -t 11 -c 136,137,138,139,140,141,142,143,224,225,226 -s 256 -d 15
[aggressor] mode=wc_ntdqa threads=11 bufsz=256MB/thread throttle=0 MBps
[aggressor] mapped 2816 MB CXL memory at 0x77af35200000
[aggressor] GO
thread  0  core 136  1.88 GB/s  (15.007 s)
thread  1  core 137  1.88 GB/s  (15.023 s)
thread  2  core 138  1.88 GB/s  (15.013 s)
thread  3  core 139  1.88 GB/s  (15.018 s)
thread  4  core 140  1.88 GB/s  (15.020 s)
thread  5  core 141  1.88 GB/s  (15.012 s)
thread  6  core 142  1.88 GB/s  (15.030 s)
thread  7  core 143  1.87 GB/s  (15.046 s)
thread  8  core 224  3.29 GB/s  (15.024 s)
thread  9  core 225  3.29 GB/s  (15.033 s)
thread 10  core 226  3.28 GB/s  (15.058 s)
---
aggregate: 24.81 GB/s  (11 threads, mode=wc_ntdqa)
RESULT mode=wc_ntdqa threads=11 bw_gbps=24.815 throttle=0
[diag] RUN mode=wc_ntdqa threads=11 run=2 cmd=/home/domin/CoherenceTest/APNET/bin/aggressor -m wc_ntdqa -t 11 -c 136,137,138,139,140,141,142,143,224,225,226 -s 256 -d 15
[aggressor] mode=wc_ntdqa threads=11 bufsz=256MB/thread throttle=0 MBps
[aggressor] mapped 2816 MB CXL memory at 0x7d9d9c400000
[aggressor] GO
thread  0  core 136  1.88 GB/s  (15.018 s)
thread  1  core 137  1.89 GB/s  (15.063 s)
thread  2  core 138  1.89 GB/s  (15.072 s)
thread  3  core 139  1.88 GB/s  (15.019 s)
thread  4  core 140  1.88 GB/s  (15.016 s)
thread  5  core 141  1.89 GB/s  (15.076 s)
thread  6  core 142  1.88 GB/s  (15.019 s)
thread  7  core 143  1.88 GB/s  (15.022 s)
thread  8  core 224  3.29 GB/s  (15.008 s)
thread  9  core 225  3.29 GB/s  (15.016 s)
thread 10  core 226  3.28 GB/s  (15.044 s)
---
aggregate: 24.84 GB/s  (11 threads, mode=wc_ntdqa)
RESULT mode=wc_ntdqa threads=11 bw_gbps=24.838 throttle=0
[diag] RUN mode=wc_ntdqa threads=11 run=3 cmd=/home/domin/CoherenceTest/APNET/bin/aggressor -m wc_ntdqa -t 11 -c 136,137,138,139,140,141,142,143,224,225,226 -s 256 -d 15
[aggressor] mode=wc_ntdqa threads=11 bufsz=256MB/thread throttle=0 MBps
[aggressor] mapped 2816 MB CXL memory at 0x7259a7200000
[aggressor] GO
thread  0  core 136  1.88 GB/s  (15.002 s)
thread  1  core 137  1.89 GB/s  (15.072 s)
thread  2  core 138  1.88 GB/s  (15.030 s)
thread  3  core 139  1.88 GB/s  (15.016 s)
thread  4  core 140  1.88 GB/s  (15.023 s)
thread  5  core 141  1.88 GB/s  (15.026 s)
thread  6  core 142  1.88 GB/s  (15.025 s)
thread  7  core 143  1.88 GB/s  (15.028 s)
thread  8  core 224  3.29 GB/s  (15.021 s)
thread  9  core 225  3.29 GB/s  (15.024 s)
thread 10  core 226  3.28 GB/s  (15.048 s)
---
aggregate: 24.81 GB/s  (11 threads, mode=wc_ntdqa)
RESULT mode=wc_ntdqa threads=11 bw_gbps=24.810 throttle=0
[diag] complete 2026-03-06T07:15:57+09:00
