[phase0] start 2026-03-06T06:56:03+09:00
[phase0] modes=wb_load wc_ntdqa threads=1 2 3 4 6 8 10 12 16 reps=3 dur=15 size_mb=256
[phase0] cores=136 137 138 139 140 141 142 143 224 225 226 227 228 229 230 231
[phase0] RUN mode=wb_load threads=1 run=1 cmd=/home/domin/CoherenceTest/APNET/bin/aggressor -m wb_load -t 1 -c 136 -s 256 -d 15
[aggressor] mode=wb_load threads=1 bufsz=256MB/thread throttle=0 MBps
[aggressor] mapped 256 MB CXL memory at 0x79d4c8c00000
[aggressor] GO
thread  0  core 136  15.74 GB/s  (15.004 s)
---
aggregate: 15.74 GB/s  (1 threads, mode=wb_load)
RESULT mode=wb_load threads=1 bw_gbps=15.744 throttle=0
[phase0] RUN mode=wb_load threads=1 run=2 cmd=/home/domin/CoherenceTest/APNET/bin/aggressor -m wb_load -t 1 -c 136 -s 256 -d 15
[aggressor] mode=wb_load threads=1 bufsz=256MB/thread throttle=0 MBps
[aggressor] mapped 256 MB CXL memory at 0x71dd59200000
[aggressor] GO
thread  0  core 136  15.75 GB/s  (15.013 s)
---
aggregate: 15.75 GB/s  (1 threads, mode=wb_load)
RESULT mode=wb_load threads=1 bw_gbps=15.752 throttle=0
[phase0] RUN mode=wb_load threads=1 run=3 cmd=/home/domin/CoherenceTest/APNET/bin/aggressor -m wb_load -t 1 -c 136 -s 256 -d 15
[aggressor] mode=wb_load threads=1 bufsz=256MB/thread throttle=0 MBps
[aggressor] mapped 256 MB CXL memory at 0x76cbcbe00000
[aggressor] GO
thread  0  core 136  15.74 GB/s  (15.004 s)
---
aggregate: 15.74 GB/s  (1 threads, mode=wb_load)
RESULT mode=wb_load threads=1 bw_gbps=15.745 throttle=0
[phase0] RUN mode=wb_load threads=2 run=1 cmd=/home/domin/CoherenceTest/APNET/bin/aggressor -m wb_load -t 2 -c 136,137 -s 256 -d 15
[aggressor] mode=wb_load threads=2 bufsz=256MB/thread throttle=0 MBps
[aggressor] mapped 512 MB CXL memory at 0x78d650200000
[aggressor] GO
thread  0  core 136  10.36 GB/s  (15.022 s)
thread  1  core 137  10.42 GB/s  (15.015 s)
---
aggregate: 20.78 GB/s  (2 threads, mode=wb_load)
RESULT mode=wb_load threads=2 bw_gbps=20.783 throttle=0
[phase0] RUN mode=wb_load threads=2 run=2 cmd=/home/domin/CoherenceTest/APNET/bin/aggressor -m wb_load -t 2 -c 136,137 -s 256 -d 15
[aggressor] mode=wb_load threads=2 bufsz=256MB/thread throttle=0 MBps
[aggressor] mapped 512 MB CXL memory at 0x7cea05a00000
[aggressor] GO
thread  0  core 136  10.35 GB/s  (15.020 s)
thread  1  core 137  10.42 GB/s  (15.022 s)
---
aggregate: 20.76 GB/s  (2 threads, mode=wb_load)
RESULT mode=wb_load threads=2 bw_gbps=20.764 throttle=0
[phase0] RUN mode=wb_load threads=2 run=3 cmd=/home/domin/CoherenceTest/APNET/bin/aggressor -m wb_load -t 2 -c 136,137 -s 256 -d 15
[aggressor] mode=wb_load threads=2 bufsz=256MB/thread throttle=0 MBps
[aggressor] mapped 512 MB CXL memory at 0x7b2288800000
[aggressor] GO
thread  0  core 136  10.35 GB/s  (15.010 s)
thread  1  core 137  10.42 GB/s  (15.020 s)
---
aggregate: 20.77 GB/s  (2 threads, mode=wb_load)
RESULT mode=wb_load threads=2 bw_gbps=20.768 throttle=0
[phase0] RUN mode=wb_load threads=3 run=1 cmd=/home/domin/CoherenceTest/APNET/bin/aggressor -m wb_load -t 3 -c 136,137,138 -s 256 -d 15
[aggressor] mode=wb_load threads=3 bufsz=256MB/thread throttle=0 MBps
[aggressor] mapped 768 MB CXL memory at 0x7c4cff000000
[aggressor] GO
thread  0  core 136  6.79 GB/s  (15.025 s)
thread  1  core 137  6.86 GB/s  (15.022 s)
thread  2  core 138  6.87 GB/s  (15.009 s)
---
aggregate: 20.51 GB/s  (3 threads, mode=wb_load)
RESULT mode=wb_load threads=3 bw_gbps=20.510 throttle=0
[phase0] RUN mode=wb_load threads=3 run=2 cmd=/home/domin/CoherenceTest/APNET/bin/aggressor -m wb_load -t 3 -c 136,137,138 -s 256 -d 15
[aggressor] mode=wb_load threads=3 bufsz=256MB/thread throttle=0 MBps
[aggressor] mapped 768 MB CXL memory at 0x7e41fcc00000
[aggressor] GO
thread  0  core 136  6.81 GB/s  (15.027 s)
thread  1  core 137  6.88 GB/s  (15.031 s)
thread  2  core 138  6.84 GB/s  (15.028 s)
---
aggregate: 20.52 GB/s  (3 threads, mode=wb_load)
RESULT mode=wb_load threads=3 bw_gbps=20.520 throttle=0
[phase0] RUN mode=wb_load threads=3 run=3 cmd=/home/domin/CoherenceTest/APNET/bin/aggressor -m wb_load -t 3 -c 136,137,138 -s 256 -d 15
[aggressor] mode=wb_load threads=3 bufsz=256MB/thread throttle=0 MBps
[aggressor] mapped 768 MB CXL memory at 0x7a4b49200000
[aggressor] GO
thread  0  core 136  6.81 GB/s  (15.027 s)
thread  1  core 137  6.87 GB/s  (15.009 s)
thread  2  core 138  6.84 GB/s  (15.022 s)
---
aggregate: 20.51 GB/s  (3 threads, mode=wb_load)
RESULT mode=wb_load threads=3 bw_gbps=20.507 throttle=0
[phase0] RUN mode=wb_load threads=4 run=1 cmd=/home/domin/CoherenceTest/APNET/bin/aggressor -m wb_load -t 4 -c 136,137,138,139 -s 256 -d 15
[aggressor] mode=wb_load threads=4 bufsz=256MB/thread throttle=0 MBps
[aggressor] mapped 1024 MB CXL memory at 0x7c3ae4000000
[aggressor] GO
thread  0  core 136  5.60 GB/s  (15.011 s)
thread  1  core 137  5.60 GB/s  (15.016 s)
thread  2  core 138  6.17 GB/s  (15.006 s)
thread  3  core 139  6.10 GB/s  (15.016 s)
---
aggregate: 23.45 GB/s  (4 threads, mode=wb_load)
RESULT mode=wb_load threads=4 bw_gbps=23.454 throttle=0
[phase0] RUN mode=wb_load threads=4 run=2 cmd=/home/domin/CoherenceTest/APNET/bin/aggressor -m wb_load -t 4 -c 136,137,138,139 -s 256 -d 15
[aggressor] mode=wb_load threads=4 bufsz=256MB/thread throttle=0 MBps
[aggressor] mapped 1024 MB CXL memory at 0x74a22d600000
[aggressor] GO
thread  0  core 136  5.61 GB/s  (15.024 s)
thread  1  core 137  5.54 GB/s  (15.019 s)
thread  2  core 138  6.20 GB/s  (15.025 s)
thread  3  core 139  6.11 GB/s  (15.019 s)
---
aggregate: 23.46 GB/s  (4 threads, mode=wb_load)
RESULT mode=wb_load threads=4 bw_gbps=23.458 throttle=0
[phase0] RUN mode=wb_load threads=4 run=3 cmd=/home/domin/CoherenceTest/APNET/bin/aggressor -m wb_load -t 4 -c 136,137,138,139 -s 256 -d 15
[aggressor] mode=wb_load threads=4 bufsz=256MB/thread throttle=0 MBps
[aggressor] mapped 1024 MB CXL memory at 0x7e2502000000
[aggressor] GO
thread  0  core 136  5.60 GB/s  (15.014 s)
thread  1  core 137  5.56 GB/s  (15.028 s)
thread  2  core 138  6.18 GB/s  (15.028 s)
thread  3  core 139  6.10 GB/s  (15.002 s)
---
aggregate: 23.42 GB/s  (4 threads, mode=wb_load)
RESULT mode=wb_load threads=4 bw_gbps=23.417 throttle=0
[phase0] RUN mode=wb_load threads=6 run=1 cmd=/home/domin/CoherenceTest/APNET/bin/aggressor -m wb_load -t 6 -c 136,137,138,139,140,141 -s 256 -d 15
[aggressor] mode=wb_load threads=6 bufsz=256MB/thread throttle=0 MBps
[aggressor] mapped 1536 MB CXL memory at 0x72e8abc00000
[aggressor] GO
thread  0  core 136  3.84 GB/s  (15.028 s)
thread  1  core 137  3.92 GB/s  (15.014 s)
thread  2  core 138  4.17 GB/s  (15.016 s)
thread  3  core 139  4.11 GB/s  (15.013 s)
thread  4  core 140  3.97 GB/s  (15.003 s)
thread  5  core 141  3.98 GB/s  (15.026 s)
---
aggregate: 23.97 GB/s  (6 threads, mode=wb_load)
RESULT mode=wb_load threads=6 bw_gbps=23.971 throttle=0
[phase0] RUN mode=wb_load threads=6 run=2 cmd=/home/domin/CoherenceTest/APNET/bin/aggressor -m wb_load -t 6 -c 136,137,138,139,140,141 -s 256 -d 15
[aggressor] mode=wb_load threads=6 bufsz=256MB/thread throttle=0 MBps
[aggressor] mapped 1536 MB CXL memory at 0x7e3826a00000
[aggressor] GO
thread  0  core 136  3.91 GB/s  (15.051 s)
thread  1  core 137  3.87 GB/s  (15.049 s)
thread  2  core 138  4.16 GB/s  (15.033 s)
thread  3  core 139  4.14 GB/s  (15.046 s)
thread  4  core 140  4.03 GB/s  (15.051 s)
thread  5  core 141  3.94 GB/s  (15.042 s)
---
aggregate: 24.04 GB/s  (6 threads, mode=wb_load)
RESULT mode=wb_load threads=6 bw_gbps=24.041 throttle=0
[phase0] RUN mode=wb_load threads=6 run=3 cmd=/home/domin/CoherenceTest/APNET/bin/aggressor -m wb_load -t 6 -c 136,137,138,139,140,141 -s 256 -d 15
[aggressor] mode=wb_load threads=6 bufsz=256MB/thread throttle=0 MBps
[aggressor] mapped 1536 MB CXL memory at 0x75de1fa00000
[aggressor] GO
thread  0  core 136  3.86 GB/s  (15.040 s)
thread  1  core 137  3.93 GB/s  (15.040 s)
thread  2  core 138  4.17 GB/s  (15.004 s)
thread  3  core 139  4.13 GB/s  (15.028 s)
thread  4  core 140  4.02 GB/s  (15.034 s)
thread  5  core 141  3.95 GB/s  (15.011 s)
---
aggregate: 24.02 GB/s  (6 threads, mode=wb_load)
RESULT mode=wb_load threads=6 bw_gbps=24.023 throttle=0
[phase0] RUN mode=wb_load threads=8 run=1 cmd=/home/domin/CoherenceTest/APNET/bin/aggressor -m wb_load -t 8 -c 136,137,138,139,140,141,142,143 -s 256 -d 15
[aggressor] mode=wb_load threads=8 bufsz=256MB/thread throttle=0 MBps
[aggressor] mapped 2048 MB CXL memory at 0x7d6771200000
[aggressor] GO
thread  0  core 136  3.09 GB/s  (15.041 s)
thread  1  core 137  3.10 GB/s  (15.045 s)
thread  2  core 138  3.16 GB/s  (15.037 s)
thread  3  core 139  3.19 GB/s  (15.043 s)
thread  4  core 140  3.09 GB/s  (15.013 s)
thread  5  core 141  3.03 GB/s  (15.042 s)
thread  6  core 142  3.09 GB/s  (15.014 s)
thread  7  core 143  3.09 GB/s  (15.034 s)
---
aggregate: 24.84 GB/s  (8 threads, mode=wb_load)
RESULT mode=wb_load threads=8 bw_gbps=24.836 throttle=0
[phase0] RUN mode=wb_load threads=8 run=2 cmd=/home/domin/CoherenceTest/APNET/bin/aggressor -m wb_load -t 8 -c 136,137,138,139,140,141,142,143 -s 256 -d 15
[aggressor] mode=wb_load threads=8 bufsz=256MB/thread throttle=0 MBps
[aggressor] mapped 2048 MB CXL memory at 0x73fc80000000
[aggressor] GO
thread  0  core 136  3.07 GB/s  (15.027 s)
thread  1  core 137  3.10 GB/s  (15.049 s)
thread  2  core 138  3.16 GB/s  (15.035 s)
thread  3  core 139  3.18 GB/s  (15.042 s)
thread  4  core 140  3.09 GB/s  (15.033 s)
thread  5  core 141  3.07 GB/s  (15.045 s)
thread  6  core 142  3.07 GB/s  (15.026 s)
thread  7  core 143  3.07 GB/s  (15.019 s)
---
aggregate: 24.79 GB/s  (8 threads, mode=wb_load)
RESULT mode=wb_load threads=8 bw_gbps=24.794 throttle=0
[phase0] RUN mode=wb_load threads=8 run=3 cmd=/home/domin/CoherenceTest/APNET/bin/aggressor -m wb_load -t 8 -c 136,137,138,139,140,141,142,143 -s 256 -d 15
[aggressor] mode=wb_load threads=8 bufsz=256MB/thread throttle=0 MBps
[aggressor] mapped 2048 MB CXL memory at 0x70da9d000000
[aggressor] GO
thread  0  core 136  3.09 GB/s  (15.042 s)
thread  1  core 137  3.09 GB/s  (15.040 s)
thread  2  core 138  3.16 GB/s  (15.024 s)
thread  3  core 139  3.18 GB/s  (15.017 s)
thread  4  core 140  3.09 GB/s  (15.008 s)
thread  5  core 141  3.07 GB/s  (15.043 s)
thread  6  core 142  3.09 GB/s  (15.023 s)
thread  7  core 143  3.09 GB/s  (15.037 s)
---
aggregate: 24.84 GB/s  (8 threads, mode=wb_load)
RESULT mode=wb_load threads=8 bw_gbps=24.839 throttle=0
[phase0] RUN mode=wb_load threads=10 run=1 cmd=/home/domin/CoherenceTest/APNET/bin/aggressor -m wb_load -t 10 -c 136,137,138,139,140,141,142,143,224,225 -s 256 -d 15
[aggressor] mode=wb_load threads=10 bufsz=256MB/thread throttle=0 MBps
[aggressor] mapped 2560 MB CXL memory at 0x7a5da2800000
[aggressor] GO
thread  0  core 136  1.50 GB/s  (15.030 s)
thread  1  core 137  1.48 GB/s  (15.048 s)
thread  2  core 138  1.53 GB/s  (15.042 s)
thread  3  core 139  1.57 GB/s  (15.061 s)
thread  4  core 140  1.50 GB/s  (15.002 s)
thread  5  core 141  1.50 GB/s  (15.061 s)
thread  6  core 142  1.52 GB/s  (15.056 s)
thread  7  core 143  1.50 GB/s  (15.018 s)
thread  8  core 224  6.02 GB/s  (15.028 s)
thread  9  core 225  6.02 GB/s  (15.024 s)
---
aggregate: 24.10 GB/s  (10 threads, mode=wb_load)
RESULT mode=wb_load threads=10 bw_gbps=24.096 throttle=0
[phase0] RUN mode=wb_load threads=10 run=2 cmd=/home/domin/CoherenceTest/APNET/bin/aggressor -m wb_load -t 10 -c 136,137,138,139,140,141,142,143,224,225 -s 256 -d 15
[aggressor] mode=wb_load threads=10 bufsz=256MB/thread throttle=0 MBps
[aggressor] mapped 2560 MB CXL memory at 0x799bb3a00000
[aggressor] GO
thread  0  core 136  1.52 GB/s  (15.041 s)
thread  1  core 137  1.52 GB/s  (15.049 s)
thread  2  core 138  1.53 GB/s  (15.047 s)
thread  3  core 139  1.57 GB/s  (15.041 s)
thread  4  core 140  1.52 GB/s  (15.014 s)
thread  5  core 141  1.50 GB/s  (15.040 s)
thread  6  core 142  1.52 GB/s  (15.029 s)
thread  7  core 143  1.52 GB/s  (15.034 s)
thread  8  core 224  6.07 GB/s  (15.024 s)
thread  9  core 225  6.08 GB/s  (15.023 s)
---
aggregate: 24.31 GB/s  (10 threads, mode=wb_load)
RESULT mode=wb_load threads=10 bw_gbps=24.312 throttle=0
[phase0] RUN mode=wb_load threads=10 run=3 cmd=/home/domin/CoherenceTest/APNET/bin/aggressor -m wb_load -t 10 -c 136,137,138,139,140,141,142,143,224,225 -s 256 -d 15
[aggressor] mode=wb_load threads=10 bufsz=256MB/thread throttle=0 MBps
[aggressor] mapped 2560 MB CXL memory at 0x781911400000
[aggressor] GO
thread  0  core 136  1.53 GB/s  (15.055 s)
thread  1  core 137  1.46 GB/s  (15.032 s)
thread  2  core 138  1.53 GB/s  (15.051 s)
thread  3  core 139  1.55 GB/s  (15.040 s)
thread  4  core 140  1.48 GB/s  (15.008 s)
thread  5  core 141  1.50 GB/s  (15.046 s)
thread  6  core 142  1.50 GB/s  (15.028 s)
thread  7  core 143  1.50 GB/s  (15.048 s)
thread  8  core 224  6.01 GB/s  (15.003 s)
thread  9  core 225  6.02 GB/s  (15.037 s)
---
aggregate: 24.05 GB/s  (10 threads, mode=wb_load)
RESULT mode=wb_load threads=10 bw_gbps=24.054 throttle=0
[phase0] RUN mode=wb_load threads=12 run=1 cmd=/home/domin/CoherenceTest/APNET/bin/aggressor -m wb_load -t 12 -c 136,137,138,139,140,141,142,143,224,225,226,227 -s 256 -d 15
[aggressor] mode=wb_load threads=12 bufsz=256MB/thread throttle=0 MBps
[aggressor] mapped 3072 MB CXL memory at 0x7560bc600000
[aggressor] GO
thread  0  core 136  1.59 GB/s  (15.057 s)
thread  1  core 137  1.57 GB/s  (15.004 s)
thread  2  core 138  1.60 GB/s  (15.059 s)
thread  3  core 139  1.64 GB/s  (15.054 s)
thread  4  core 140  1.59 GB/s  (15.044 s)
thread  5  core 141  1.59 GB/s  (15.068 s)
thread  6  core 142  1.59 GB/s  (15.053 s)
thread  7  core 143  1.59 GB/s  (15.065 s)
thread  8  core 224  3.09 GB/s  (15.038 s)
thread  9  core 225  3.03 GB/s  (15.052 s)
thread 10  core 226  3.38 GB/s  (15.022 s)
thread 11  core 227  3.31 GB/s  (15.019 s)
---
aggregate: 25.51 GB/s  (12 threads, mode=wb_load)
RESULT mode=wb_load threads=12 bw_gbps=25.511 throttle=0
[phase0] RUN mode=wb_load threads=12 run=2 cmd=/home/domin/CoherenceTest/APNET/bin/aggressor -m wb_load -t 12 -c 136,137,138,139,140,141,142,143,224,225,226,227 -s 256 -d 15
[aggressor] mode=wb_load threads=12 bufsz=256MB/thread throttle=0 MBps
[aggressor] mapped 3072 MB CXL memory at 0x73586d800000
[aggressor] GO
thread  0  core 136  1.59 GB/s  (15.071 s)
thread  1  core 137  1.59 GB/s  (15.069 s)
thread  2  core 138  1.62 GB/s  (15.069 s)
thread  3  core 139  1.64 GB/s  (15.055 s)
thread  4  core 140  1.59 GB/s  (15.050 s)
thread  5  core 141  1.59 GB/s  (15.070 s)
thread  6  core 142  1.59 GB/s  (15.043 s)
thread  7  core 143  1.59 GB/s  (15.065 s)
thread  8  core 224  3.09 GB/s  (15.034 s)
thread  9  core 225  3.04 GB/s  (15.031 s)
thread 10  core 226  3.38 GB/s  (15.023 s)
thread 11  core 227  3.30 GB/s  (15.052 s)
---
aggregate: 25.54 GB/s  (12 threads, mode=wb_load)
RESULT mode=wb_load threads=12 bw_gbps=25.541 throttle=0
[phase0] RUN mode=wb_load threads=12 run=3 cmd=/home/domin/CoherenceTest/APNET/bin/aggressor -m wb_load -t 12 -c 136,137,138,139,140,141,142,143,224,225,226,227 -s 256 -d 15
[aggressor] mode=wb_load threads=12 bufsz=256MB/thread throttle=0 MBps
[aggressor] mapped 3072 MB CXL memory at 0x7ea727000000
[aggressor] GO
thread  0  core 136  1.59 GB/s  (15.040 s)
thread  1  core 137  1.57 GB/s  (15.023 s)
thread  2  core 138  1.62 GB/s  (15.056 s)
thread  3  core 139  1.64 GB/s  (15.039 s)
thread  4  core 140  1.57 GB/s  (15.022 s)
thread  5  core 141  1.59 GB/s  (15.053 s)
thread  6  core 142  1.59 GB/s  (15.043 s)
thread  7  core 143  1.59 GB/s  (15.051 s)
thread  8  core 224  3.09 GB/s  (15.038 s)
thread  9  core 225  3.04 GB/s  (15.033 s)
thread 10  core 226  3.38 GB/s  (15.016 s)
thread 11  core 227  3.31 GB/s  (15.006 s)
---
aggregate: 25.53 GB/s  (12 threads, mode=wb_load)
RESULT mode=wb_load threads=12 bw_gbps=25.532 throttle=0
[phase0] RUN mode=wb_load threads=16 run=1 cmd=/home/domin/CoherenceTest/APNET/bin/aggressor -m wb_load -t 16 -c 136,137,138,139,140,141,142,143,224,225,226,227,228,229,230,231 -s 256 -d 15
[aggressor] mode=wb_load threads=16 bufsz=256MB/thread throttle=0 MBps
[aggressor] mapped 4096 MB CXL memory at 0x7d4aad800000
[aggressor] GO
thread  0  core 136  1.62 GB/s  (15.087 s)
thread  1  core 137  1.61 GB/s  (15.050 s)
thread  2  core 138  1.64 GB/s  (15.020 s)
thread  3  core 139  1.67 GB/s  (15.073 s)
thread  4  core 140  1.62 GB/s  (15.079 s)
thread  5  core 141  1.61 GB/s  (15.029 s)
thread  6  core 142  1.62 GB/s  (15.063 s)
thread  7  core 143  1.60 GB/s  (15.087 s)
thread  8  core 224  1.64 GB/s  (15.067 s)
thread  9  core 225  1.62 GB/s  (15.092 s)
thread 10  core 226  1.66 GB/s  (15.075 s)
thread 11  core 227  1.66 GB/s  (15.011 s)
thread 12  core 228  1.62 GB/s  (15.077 s)
thread 13  core 229  1.62 GB/s  (15.092 s)
thread 14  core 230  1.63 GB/s  (15.022 s)
thread 15  core 231  1.62 GB/s  (15.092 s)
---
aggregate: 26.00 GB/s  (16 threads, mode=wb_load)
RESULT mode=wb_load threads=16 bw_gbps=26.004 throttle=0
[phase0] RUN mode=wb_load threads=16 run=2 cmd=/home/domin/CoherenceTest/APNET/bin/aggressor -m wb_load -t 16 -c 136,137,138,139,140,141,142,143,224,225,226,227,228,229,230,231 -s 256 -d 15
[aggressor] mode=wb_load threads=16 bufsz=256MB/thread throttle=0 MBps
[aggressor] mapped 4096 MB CXL memory at 0x7c788b400000
[aggressor] GO
thread  0  core 136  1.61 GB/s  (15.008 s)
thread  1  core 137  1.61 GB/s  (15.030 s)
thread  2  core 138  1.65 GB/s  (15.088 s)
thread  3  core 139  1.67 GB/s  (15.090 s)
thread  4  core 140  1.62 GB/s  (15.061 s)
thread  5  core 141  1.61 GB/s  (15.003 s)
thread  6  core 142  1.60 GB/s  (15.054 s)
thread  7  core 143  1.62 GB/s  (15.085 s)
thread  8  core 224  1.64 GB/s  (15.093 s)
thread  9  core 225  1.62 GB/s  (15.095 s)
thread 10  core 226  1.66 GB/s  (15.080 s)
thread 11  core 227  1.66 GB/s  (15.015 s)
thread 12  core 228  1.62 GB/s  (15.064 s)
thread 13  core 229  1.62 GB/s  (15.097 s)
thread 14  core 230  1.62 GB/s  (15.035 s)
thread 15  core 231  1.62 GB/s  (15.098 s)
---
aggregate: 25.99 GB/s  (16 threads, mode=wb_load)
RESULT mode=wb_load threads=16 bw_gbps=25.994 throttle=0
[phase0] RUN mode=wb_load threads=16 run=3 cmd=/home/domin/CoherenceTest/APNET/bin/aggressor -m wb_load -t 16 -c 136,137,138,139,140,141,142,143,224,225,226,227,228,229,230,231 -s 256 -d 15
[aggressor] mode=wb_load threads=16 bufsz=256MB/thread throttle=0 MBps
[aggressor] mapped 4096 MB CXL memory at 0x77315a200000
[aggressor] GO
thread  0  core 136  1.62 GB/s  (15.080 s)
thread  1  core 137  1.60 GB/s  (15.060 s)
thread  2  core 138  1.64 GB/s  (15.100 s)
thread  3  core 139  1.67 GB/s  (15.086 s)
thread  4  core 140  1.62 GB/s  (15.074 s)
thread  5  core 141  1.61 GB/s  (15.014 s)
thread  6  core 142  1.62 GB/s  (15.080 s)
thread  7  core 143  1.62 GB/s  (15.096 s)
thread  8  core 224  1.64 GB/s  (15.078 s)
thread  9  core 225  1.62 GB/s  (15.083 s)
thread 10  core 226  1.66 GB/s  (15.081 s)
thread 11  core 227  1.67 GB/s  (15.102 s)
thread 12  core 228  1.62 GB/s  (15.061 s)
thread 13  core 229  1.62 GB/s  (15.099 s)
thread 14  core 230  1.63 GB/s  (15.017 s)
thread 15  core 231  1.62 GB/s  (15.101 s)
---
aggregate: 26.02 GB/s  (16 threads, mode=wb_load)
RESULT mode=wb_load threads=16 bw_gbps=26.022 throttle=0
[phase0] RUN mode=wc_ntdqa threads=1 run=1 cmd=/home/domin/CoherenceTest/APNET/bin/aggressor -m wc_ntdqa -t 1 -c 136 -s 256 -d 15
[aggressor] mode=wc_ntdqa threads=1 bufsz=256MB/thread throttle=0 MBps
[aggressor] mapped 256 MB CXL memory at 0x72a5b0e00000
[aggressor] GO
thread  0  core 136  4.18 GB/s  (15.029 s)
---
aggregate: 4.18 GB/s  (1 threads, mode=wc_ntdqa)
RESULT mode=wc_ntdqa threads=1 bw_gbps=4.179 throttle=0
[phase0] RUN mode=wc_ntdqa threads=1 run=2 cmd=/home/domin/CoherenceTest/APNET/bin/aggressor -m wc_ntdqa -t 1 -c 136 -s 256 -d 15
[aggressor] mode=wc_ntdqa threads=1 bufsz=256MB/thread throttle=0 MBps
[aggressor] mapped 256 MB CXL memory at 0x72454fe00000
[aggressor] GO
thread  0  core 136  4.17 GB/s  (15.052 s)
---
aggregate: 4.17 GB/s  (1 threads, mode=wc_ntdqa)
RESULT mode=wc_ntdqa threads=1 bw_gbps=4.173 throttle=0
[phase0] RUN mode=wc_ntdqa threads=1 run=3 cmd=/home/domin/CoherenceTest/APNET/bin/aggressor -m wc_ntdqa -t 1 -c 136 -s 256 -d 15
[aggressor] mode=wc_ntdqa threads=1 bufsz=256MB/thread throttle=0 MBps
[aggressor] mapped 256 MB CXL memory at 0x7966b0a00000
[aggressor] GO
thread  0  core 136  4.17 GB/s  (15.053 s)
---
aggregate: 4.17 GB/s  (1 threads, mode=wc_ntdqa)
RESULT mode=wc_ntdqa threads=1 bw_gbps=4.173 throttle=0
[phase0] RUN mode=wc_ntdqa threads=2 run=1 cmd=/home/domin/CoherenceTest/APNET/bin/aggressor -m wc_ntdqa -t 2 -c 136,137 -s 256 -d 15
[aggressor] mode=wc_ntdqa threads=2 bufsz=256MB/thread throttle=0 MBps
[aggressor] mapped 512 MB CXL memory at 0x7a2ea5400000
[aggressor] GO
thread  0  core 136  4.12 GB/s  (15.065 s)
thread  1  core 137  4.12 GB/s  (15.042 s)
---
aggregate: 8.23 GB/s  (2 threads, mode=wc_ntdqa)
RESULT mode=wc_ntdqa threads=2 bw_gbps=8.232 throttle=0
[phase0] RUN mode=wc_ntdqa threads=2 run=2 cmd=/home/domin/CoherenceTest/APNET/bin/aggressor -m wc_ntdqa -t 2 -c 136,137 -s 256 -d 15
[aggressor] mode=wc_ntdqa threads=2 bufsz=256MB/thread throttle=0 MBps
[aggressor] mapped 512 MB CXL memory at 0x7d5503c00000
[aggressor] GO
thread  0  core 136  4.11 GB/s  (15.006 s)
thread  1  core 137  4.12 GB/s  (15.048 s)
---
aggregate: 8.22 GB/s  (2 threads, mode=wc_ntdqa)
RESULT mode=wc_ntdqa threads=2 bw_gbps=8.223 throttle=0
[phase0] RUN mode=wc_ntdqa threads=2 run=3 cmd=/home/domin/CoherenceTest/APNET/bin/aggressor -m wc_ntdqa -t 2 -c 136,137 -s 256 -d 15
[aggressor] mode=wc_ntdqa threads=2 bufsz=256MB/thread throttle=0 MBps
[aggressor] mapped 512 MB CXL memory at 0x7745bd200000
[aggressor] GO
thread  0  core 136  4.11 GB/s  (15.004 s)
thread  1  core 137  4.12 GB/s  (15.042 s)
---
aggregate: 8.23 GB/s  (2 threads, mode=wc_ntdqa)
RESULT mode=wc_ntdqa threads=2 bw_gbps=8.227 throttle=0
[phase0] RUN mode=wc_ntdqa threads=3 run=1 cmd=/home/domin/CoherenceTest/APNET/bin/aggressor -m wc_ntdqa -t 3 -c 136,137,138 -s 256 -d 15
[aggressor] mode=wc_ntdqa threads=3 bufsz=256MB/thread throttle=0 MBps
[aggressor] mapped 768 MB CXL memory at 0x7a5822600000
[aggressor] GO
thread  0  core 136  4.02 GB/s  (15.032 s)
thread  1  core 137  4.02 GB/s  (15.014 s)
thread  2  core 138  4.02 GB/s  (15.023 s)
---
aggregate: 12.05 GB/s  (3 threads, mode=wc_ntdqa)
RESULT mode=wc_ntdqa threads=3 bw_gbps=12.054 throttle=0
[phase0] RUN mode=wc_ntdqa threads=3 run=2 cmd=/home/domin/CoherenceTest/APNET/bin/aggressor -m wc_ntdqa -t 3 -c 136,137,138 -s 256 -d 15
[aggressor] mode=wc_ntdqa threads=3 bufsz=256MB/thread throttle=0 MBps
[aggressor] mapped 768 MB CXL memory at 0x7fda04600000
[aggressor] GO
thread  0  core 136  4.01 GB/s  (15.063 s)
thread  1  core 137  4.01 GB/s  (15.044 s)
thread  2  core 138  4.01 GB/s  (15.004 s)
---
aggregate: 12.01 GB/s  (3 threads, mode=wc_ntdqa)
RESULT mode=wc_ntdqa threads=3 bw_gbps=12.011 throttle=0
[phase0] RUN mode=wc_ntdqa threads=3 run=3 cmd=/home/domin/CoherenceTest/APNET/bin/aggressor -m wc_ntdqa -t 3 -c 136,137,138 -s 256 -d 15
[aggressor] mode=wc_ntdqa threads=3 bufsz=256MB/thread throttle=0 MBps
[aggressor] mapped 768 MB CXL memory at 0x784a29a00000
[aggressor] GO
thread  0  core 136  4.02 GB/s  (15.016 s)
thread  1  core 137  4.02 GB/s  (15.009 s)
thread  2  core 138  4.02 GB/s  (15.024 s)
---
aggregate: 12.06 GB/s  (3 threads, mode=wc_ntdqa)
RESULT mode=wc_ntdqa threads=3 bw_gbps=12.060 throttle=0
[phase0] RUN mode=wc_ntdqa threads=4 run=1 cmd=/home/domin/CoherenceTest/APNET/bin/aggressor -m wc_ntdqa -t 4 -c 136,137,138,139 -s 256 -d 15
[aggressor] mode=wc_ntdqa threads=4 bufsz=256MB/thread throttle=0 MBps
[aggressor] mapped 1024 MB CXL memory at 0x7b0d10200000
[aggressor] GO
thread  0  core 136  3.85 GB/s  (15.062 s)
thread  1  core 137  3.86 GB/s  (15.024 s)
thread  2  core 138  3.85 GB/s  (15.003 s)
thread  3  core 139  3.84 GB/s  (15.022 s)
---
aggregate: 15.36 GB/s  (4 threads, mode=wc_ntdqa)
RESULT mode=wc_ntdqa threads=4 bw_gbps=15.362 throttle=0
[phase0] RUN mode=wc_ntdqa threads=4 run=2 cmd=/home/domin/CoherenceTest/APNET/bin/aggressor -m wc_ntdqa -t 4 -c 136,137,138,139 -s 256 -d 15
[aggressor] mode=wc_ntdqa threads=4 bufsz=256MB/thread throttle=0 MBps
[aggressor] mapped 1024 MB CXL memory at 0x72de6c200000
[aggressor] GO
thread  0  core 136  3.86 GB/s  (15.036 s)
thread  1  core 137  3.86 GB/s  (15.012 s)
thread  2  core 138  3.85 GB/s  (15.052 s)
thread  3  core 139  3.84 GB/s  (15.021 s)
---
aggregate: 15.39 GB/s  (4 threads, mode=wc_ntdqa)
RESULT mode=wc_ntdqa threads=4 bw_gbps=15.391 throttle=0
[phase0] RUN mode=wc_ntdqa threads=4 run=3 cmd=/home/domin/CoherenceTest/APNET/bin/aggressor -m wc_ntdqa -t 4 -c 136,137,138,139 -s 256 -d 15
[aggressor] mode=wc_ntdqa threads=4 bufsz=256MB/thread throttle=0 MBps
[aggressor] mapped 1024 MB CXL memory at 0x759ea7e00000
[aggressor] GO
thread  0  core 136  3.85 GB/s  (15.003 s)
thread  1  core 137  3.86 GB/s  (15.037 s)
thread  2  core 138  3.84 GB/s  (15.015 s)
thread  3  core 139  3.84 GB/s  (15.031 s)
---
aggregate: 15.37 GB/s  (4 threads, mode=wc_ntdqa)
RESULT mode=wc_ntdqa threads=4 bw_gbps=15.371 throttle=0
[phase0] RUN mode=wc_ntdqa threads=6 run=1 cmd=/home/domin/CoherenceTest/APNET/bin/aggressor -m wc_ntdqa -t 6 -c 136,137,138,139,140,141 -s 256 -d 15
[aggressor] mode=wc_ntdqa threads=6 bufsz=256MB/thread throttle=0 MBps
[aggressor] mapped 1536 MB CXL memory at 0x79c95a600000
[aggressor] GO
thread  0  core 136  2.99 GB/s  (15.061 s)
thread  1  core 137  2.99 GB/s  (15.075 s)
thread  2  core 138  2.98 GB/s  (15.053 s)
thread  3  core 139  2.98 GB/s  (15.030 s)
thread  4  core 140  2.98 GB/s  (15.046 s)
thread  5  core 141  2.98 GB/s  (15.052 s)
---
aggregate: 17.88 GB/s  (6 threads, mode=wc_ntdqa)
RESULT mode=wc_ntdqa threads=6 bw_gbps=17.878 throttle=0
[phase0] RUN mode=wc_ntdqa threads=6 run=2 cmd=/home/domin/CoherenceTest/APNET/bin/aggressor -m wc_ntdqa -t 6 -c 136,137,138,139,140,141 -s 256 -d 15
[aggressor] mode=wc_ntdqa threads=6 bufsz=256MB/thread throttle=0 MBps
[aggressor] mapped 1536 MB CXL memory at 0x7c6e76200000
[aggressor] GO
thread  0  core 136  3.00 GB/s  (15.049 s)
thread  1  core 137  2.98 GB/s  (15.019 s)
thread  2  core 138  2.99 GB/s  (15.006 s)
thread  3  core 139  2.98 GB/s  (15.032 s)
thread  4  core 140  2.98 GB/s  (15.035 s)
thread  5  core 141  2.98 GB/s  (15.043 s)
---
aggregate: 17.89 GB/s  (6 threads, mode=wc_ntdqa)
RESULT mode=wc_ntdqa threads=6 bw_gbps=17.891 throttle=0
[phase0] RUN mode=wc_ntdqa threads=6 run=3 cmd=/home/domin/CoherenceTest/APNET/bin/aggressor -m wc_ntdqa -t 6 -c 136,137,138,139,140,141 -s 256 -d 15
[aggressor] mode=wc_ntdqa threads=6 bufsz=256MB/thread throttle=0 MBps
[aggressor] mapped 1536 MB CXL memory at 0x745560400000
[aggressor] GO
thread  0  core 136  2.99 GB/s  (15.004 s)
thread  1  core 137  3.00 GB/s  (15.047 s)
thread  2  core 138  2.99 GB/s  (15.068 s)
thread  3  core 139  2.99 GB/s  (15.014 s)
thread  4  core 140  2.98 GB/s  (15.047 s)
thread  5  core 141  2.98 GB/s  (15.045 s)
---
aggregate: 17.89 GB/s  (6 threads, mode=wc_ntdqa)
RESULT mode=wc_ntdqa threads=6 bw_gbps=17.887 throttle=0
[phase0] RUN mode=wc_ntdqa threads=8 run=1 cmd=/home/domin/CoherenceTest/APNET/bin/aggressor -m wc_ntdqa -t 8 -c 136,137,138,139,140,141,142,143 -s 256 -d 15
[aggressor] mode=wc_ntdqa threads=8 bufsz=256MB/thread throttle=0 MBps
[aggressor] mapped 2048 MB CXL memory at 0x7ec693c00000
[aggressor] GO
thread  0  core 136  2.23 GB/s  (15.019 s)
thread  1  core 137  2.25 GB/s  (15.061 s)
thread  2  core 138  2.24 GB/s  (15.002 s)
thread  3  core 139  2.24 GB/s  (15.008 s)
thread  4  core 140  2.23 GB/s  (15.026 s)
thread  5  core 141  2.23 GB/s  (15.031 s)
thread  6  core 142  2.23 GB/s  (15.036 s)
thread  7  core 143  2.23 GB/s  (15.052 s)
---
aggregate: 17.84 GB/s  (8 threads, mode=wc_ntdqa)
RESULT mode=wc_ntdqa threads=8 bw_gbps=17.841 throttle=0
[phase0] RUN mode=wc_ntdqa threads=8 run=2 cmd=/home/domin/CoherenceTest/APNET/bin/aggressor -m wc_ntdqa -t 8 -c 136,137,138,139,140,141,142,143 -s 256 -d 15
[aggressor] mode=wc_ntdqa threads=8 bufsz=256MB/thread throttle=0 MBps
[aggressor] mapped 2048 MB CXL memory at 0x781b59000000
[aggressor] GO
thread  0  core 136  2.24 GB/s  (15.013 s)
thread  1  core 137  2.25 GB/s  (15.058 s)
thread  2  core 138  2.23 GB/s  (15.026 s)
thread  3  core 139  2.23 GB/s  (15.015 s)
thread  4  core 140  2.23 GB/s  (15.029 s)
thread  5  core 141  2.23 GB/s  (15.034 s)
thread  6  core 142  2.23 GB/s  (15.040 s)
thread  7  core 143  2.23 GB/s  (15.040 s)
---
aggregate: 17.84 GB/s  (8 threads, mode=wc_ntdqa)
RESULT mode=wc_ntdqa threads=8 bw_gbps=17.844 throttle=0
[phase0] RUN mode=wc_ntdqa threads=8 run=3 cmd=/home/domin/CoherenceTest/APNET/bin/aggressor -m wc_ntdqa -t 8 -c 136,137,138,139,140,141,142,143 -s 256 -d 15
[aggressor] mode=wc_ntdqa threads=8 bufsz=256MB/thread throttle=0 MBps
[aggressor] mapped 2048 MB CXL memory at 0x7cf24d400000
[aggressor] GO
thread  0  core 136  2.23 GB/s  (15.021 s)
thread  1  core 137  2.25 GB/s  (15.064 s)
thread  2  core 138  2.24 GB/s  (15.011 s)
thread  3  core 139  2.23 GB/s  (15.023 s)
thread  4  core 140  2.23 GB/s  (15.037 s)
thread  5  core 141  2.23 GB/s  (15.043 s)
thread  6  core 142  2.23 GB/s  (15.038 s)
thread  7  core 143  2.23 GB/s  (15.056 s)
---
aggregate: 17.84 GB/s  (8 threads, mode=wc_ntdqa)
RESULT mode=wc_ntdqa threads=8 bw_gbps=17.838 throttle=0
[phase0] RUN mode=wc_ntdqa threads=10 run=1 cmd=/home/domin/CoherenceTest/APNET/bin/aggressor -m wc_ntdqa -t 10 -c 136,137,138,139,140,141,142,143,224,225 -s 256 -d 15
[aggressor] mode=wc_ntdqa threads=10 bufsz=256MB/thread throttle=0 MBps
[aggressor] mapped 2560 MB CXL memory at 0x77e9e4000000
[aggressor] GO
thread  0  core 136  2.09 GB/s  (15.045 s)
thread  1  core 137  2.09 GB/s  (15.005 s)
thread  2  core 138  2.09 GB/s  (15.045 s)
thread  3  core 139  2.09 GB/s  (15.031 s)
thread  4  core 140  2.09 GB/s  (15.040 s)
thread  5  core 141  2.09 GB/s  (15.045 s)
thread  6  core 142  2.09 GB/s  (15.050 s)
thread  7  core 143  2.09 GB/s  (15.053 s)
thread  8  core 224  3.61 GB/s  (15.013 s)
thread  9  core 225  3.61 GB/s  (15.015 s)
---
aggregate: 23.90 GB/s  (10 threads, mode=wc_ntdqa)
RESULT mode=wc_ntdqa threads=10 bw_gbps=23.896 throttle=0
[phase0] RUN mode=wc_ntdqa threads=10 run=2 cmd=/home/domin/CoherenceTest/APNET/bin/aggressor -m wc_ntdqa -t 10 -c 136,137,138,139,140,141,142,143,224,225 -s 256 -d 15
[aggressor] mode=wc_ntdqa threads=10 bufsz=256MB/thread throttle=0 MBps
[aggressor] mapped 2560 MB CXL memory at 0x7e09e5e00000
[aggressor] GO
thread  0  core 136  2.10 GB/s  (15.078 s)
thread  1  core 137  2.10 GB/s  (15.069 s)
thread  2  core 138  2.10 GB/s  (15.083 s)
thread  3  core 139  2.09 GB/s  (15.040 s)
thread  4  core 140  2.09 GB/s  (15.043 s)
thread  5  core 141  2.09 GB/s  (15.027 s)
thread  6  core 142  2.09 GB/s  (15.032 s)
thread  7  core 143  2.09 GB/s  (15.040 s)
thread  8  core 224  3.62 GB/s  (15.060 s)
thread  9  core 225  3.62 GB/s  (15.065 s)
---
aggregate: 23.94 GB/s  (10 threads, mode=wc_ntdqa)
RESULT mode=wc_ntdqa threads=10 bw_gbps=23.937 throttle=0
[phase0] RUN mode=wc_ntdqa threads=10 run=3 cmd=/home/domin/CoherenceTest/APNET/bin/aggressor -m wc_ntdqa -t 10 -c 136,137,138,139,140,141,142,143,224,225 -s 256 -d 15
[aggressor] mode=wc_ntdqa threads=10 bufsz=256MB/thread throttle=0 MBps
[aggressor] mapped 2560 MB CXL memory at 0x7c1657000000
[aggressor] GO
thread  0  core 136  2.09 GB/s  (15.010 s)
thread  1  core 137  2.10 GB/s  (15.076 s)
thread  2  core 138  2.09 GB/s  (15.020 s)
thread  3  core 139  2.09 GB/s  (15.023 s)
thread  4  core 140  2.09 GB/s  (15.040 s)
thread  5  core 141  2.09 GB/s  (15.045 s)
thread  6  core 142  2.09 GB/s  (15.042 s)
thread  7  core 143  2.09 GB/s  (15.050 s)
thread  8  core 224  3.61 GB/s  (15.004 s)
thread  9  core 225  3.60 GB/s  (15.064 s)
---
aggregate: 23.88 GB/s  (10 threads, mode=wc_ntdqa)
RESULT mode=wc_ntdqa threads=10 bw_gbps=23.878 throttle=0
[phase0] RUN mode=wc_ntdqa threads=12 run=1 cmd=/home/domin/CoherenceTest/APNET/bin/aggressor -m wc_ntdqa -t 12 -c 136,137,138,139,140,141,142,143,224,225,226,227 -s 256 -d 15
[aggressor] mode=wc_ntdqa threads=12 bufsz=256MB/thread throttle=0 MBps
[aggressor] mapped 3072 MB CXL memory at 0x7afdcc800000
[aggressor] GO
thread  0  core 136  1.66 GB/s  (15.064 s)
thread  1  core 137  1.66 GB/s  (15.041 s)
thread  2  core 138  1.66 GB/s  (15.056 s)
thread  3  core 139  1.66 GB/s  (15.079 s)
thread  4  core 140  1.66 GB/s  (15.070 s)
thread  5  core 141  1.66 GB/s  (15.073 s)
thread  6  core 142  1.66 GB/s  (15.072 s)
thread  7  core 143  1.66 GB/s  (15.079 s)
thread  8  core 224  2.93 GB/s  (15.014 s)
thread  9  core 225  2.93 GB/s  (15.022 s)
thread 10  core 226  2.93 GB/s  (15.039 s)
thread 11  core 227  2.93 GB/s  (15.041 s)
---
aggregate: 24.92 GB/s  (12 threads, mode=wc_ntdqa)
RESULT mode=wc_ntdqa threads=12 bw_gbps=24.923 throttle=0
[phase0] RUN mode=wc_ntdqa threads=12 run=2 cmd=/home/domin/CoherenceTest/APNET/bin/aggressor -m wc_ntdqa -t 12 -c 136,137,138,139,140,141,142,143,224,225,226,227 -s 256 -d 15
[aggressor] mode=wc_ntdqa threads=12 bufsz=256MB/thread throttle=0 MBps
[aggressor] mapped 3072 MB CXL memory at 0x7436a9c00000
[aggressor] GO
thread  0  core 136  1.66 GB/s  (15.059 s)
thread  1  core 137  1.66 GB/s  (15.047 s)
thread  2  core 138  1.66 GB/s  (15.073 s)
thread  3  core 139  1.66 GB/s  (15.066 s)
thread  4  core 140  1.66 GB/s  (15.075 s)
thread  5  core 141  1.66 GB/s  (15.077 s)
thread  6  core 142  1.66 GB/s  (15.076 s)
thread  7  core 143  1.66 GB/s  (15.081 s)
thread  8  core 224  2.93 GB/s  (15.032 s)
thread  9  core 225  2.93 GB/s  (15.006 s)
thread 10  core 226  2.93 GB/s  (15.027 s)
thread 11  core 227  2.93 GB/s  (15.020 s)
---
aggregate: 24.92 GB/s  (12 threads, mode=wc_ntdqa)
RESULT mode=wc_ntdqa threads=12 bw_gbps=24.919 throttle=0
[phase0] RUN mode=wc_ntdqa threads=12 run=3 cmd=/home/domin/CoherenceTest/APNET/bin/aggressor -m wc_ntdqa -t 12 -c 136,137,138,139,140,141,142,143,224,225,226,227 -s 256 -d 15
[aggressor] mode=wc_ntdqa threads=12 bufsz=256MB/thread throttle=0 MBps
[aggressor] mapped 3072 MB CXL memory at 0x76027b800000
[aggressor] GO
thread  0  core 136  1.66 GB/s  (15.058 s)
thread  1  core 137  1.66 GB/s  (15.050 s)
thread  2  core 138  1.66 GB/s  (15.057 s)
thread  3  core 139  1.66 GB/s  (15.073 s)
thread  4  core 140  1.66 GB/s  (15.069 s)
thread  5  core 141  1.66 GB/s  (15.074 s)
thread  6  core 142  1.66 GB/s  (15.072 s)
thread  7  core 143  1.66 GB/s  (15.078 s)
thread  8  core 224  2.92 GB/s  (15.058 s)
thread  9  core 225  2.93 GB/s  (15.027 s)
thread 10  core 226  2.93 GB/s  (15.037 s)
thread 11  core 227  2.93 GB/s  (15.043 s)
---
aggregate: 24.92 GB/s  (12 threads, mode=wc_ntdqa)
RESULT mode=wc_ntdqa threads=12 bw_gbps=24.924 throttle=0
[phase0] RUN mode=wc_ntdqa threads=16 run=1 cmd=/home/domin/CoherenceTest/APNET/bin/aggressor -m wc_ntdqa -t 16 -c 136,137,138,139,140,141,142,143,224,225,226,227,228,229,230,231 -s 256 -d 15
[aggressor] mode=wc_ntdqa threads=16 bufsz=256MB/thread throttle=0 MBps
[aggressor] mapped 4096 MB CXL memory at 0x7b4d3dc00000
[aggressor] GO
thread  0  core 136  1.56 GB/s  (15.125 s)
thread  1  core 137  1.57 GB/s  (15.086 s)
thread  2  core 138  1.56 GB/s  (15.104 s)
thread  3  core 139  1.56 GB/s  (15.108 s)
thread  4  core 140  1.56 GB/s  (15.125 s)
thread  5  core 141  1.56 GB/s  (15.128 s)
thread  6  core 142  1.56 GB/s  (15.122 s)
thread  7  core 143  1.56 GB/s  (15.131 s)
thread  8  core 224  1.57 GB/s  (15.092 s)
thread  9  core 225  1.56 GB/s  (15.117 s)
thread 10  core 226  1.56 GB/s  (15.103 s)
thread 11  core 227  1.56 GB/s  (15.113 s)
thread 12  core 228  1.56 GB/s  (15.119 s)
thread 13  core 229  1.56 GB/s  (15.124 s)
thread 14  core 230  1.56 GB/s  (15.131 s)
thread 15  core 231  1.56 GB/s  (15.127 s)
---
aggregate: 24.98 GB/s  (16 threads, mode=wc_ntdqa)
RESULT mode=wc_ntdqa threads=16 bw_gbps=24.978 throttle=0
[phase0] RUN mode=wc_ntdqa threads=16 run=2 cmd=/home/domin/CoherenceTest/APNET/bin/aggressor -m wc_ntdqa -t 16 -c 136,137,138,139,140,141,142,143,224,225,226,227,228,229,230,231 -s 256 -d 15
[aggressor] mode=wc_ntdqa threads=16 bufsz=256MB/thread throttle=0 MBps
[aggressor] mapped 4096 MB CXL memory at 0x705494200000
[aggressor] GO
thread  0  core 136  1.56 GB/s  (15.119 s)
thread  1  core 137  1.57 GB/s  (15.091 s)
thread  2  core 138  1.57 GB/s  (15.093 s)
thread  3  core 139  1.56 GB/s  (15.108 s)
thread  4  core 140  1.56 GB/s  (15.117 s)
thread  5  core 141  1.56 GB/s  (15.116 s)
thread  6  core 142  1.56 GB/s  (15.128 s)
thread  7  core 143  1.56 GB/s  (15.123 s)
thread  8  core 224  1.57 GB/s  (15.091 s)
thread  9  core 225  1.57 GB/s  (15.076 s)
thread 10  core 226  1.56 GB/s  (15.097 s)
thread 11  core 227  1.56 GB/s  (15.099 s)
thread 12  core 228  1.56 GB/s  (15.103 s)
thread 13  core 229  1.56 GB/s  (15.112 s)
thread 14  core 230  1.56 GB/s  (15.119 s)
thread 15  core 231  1.56 GB/s  (15.122 s)
---
aggregate: 24.98 GB/s  (16 threads, mode=wc_ntdqa)
RESULT mode=wc_ntdqa threads=16 bw_gbps=24.985 throttle=0
[phase0] RUN mode=wc_ntdqa threads=16 run=3 cmd=/home/domin/CoherenceTest/APNET/bin/aggressor -m wc_ntdqa -t 16 -c 136,137,138,139,140,141,142,143,224,225,226,227,228,229,230,231 -s 256 -d 15
[aggressor] mode=wc_ntdqa threads=16 bufsz=256MB/thread throttle=0 MBps
[aggressor] mapped 4096 MB CXL memory at 0x7481b5e00000
[aggressor] GO
thread  0  core 136  1.56 GB/s  (15.113 s)
thread  1  core 137  1.57 GB/s  (15.090 s)
thread  2  core 138  1.56 GB/s  (15.096 s)
thread  3  core 139  1.56 GB/s  (15.100 s)
thread  4  core 140  1.56 GB/s  (15.105 s)
thread  5  core 141  1.56 GB/s  (15.113 s)
thread  6  core 142  1.56 GB/s  (15.109 s)
thread  7  core 143  1.56 GB/s  (15.116 s)
thread  8  core 224  1.57 GB/s  (15.073 s)
thread  9  core 225  1.57 GB/s  (15.073 s)
thread 10  core 226  1.57 GB/s  (15.086 s)
thread 11  core 227  1.57 GB/s  (15.085 s)
thread 12  core 228  1.56 GB/s  (15.095 s)
thread 13  core 229  1.56 GB/s  (15.099 s)
thread 14  core 230  1.56 GB/s  (15.105 s)
thread 15  core 231  1.56 GB/s  (15.007 s)
---
aggregate: 24.99 GB/s  (16 threads, mode=wc_ntdqa)
RESULT mode=wc_ntdqa threads=16 bw_gbps=24.986 throttle=0
[phase0] complete 2026-03-06T07:11:01+09:00
